
=== completed step 0: plot_erdos.py ===
selected step 0 group 2 rollout 19: recorded raw_score = 0.38413733263677696, parent_is_seed = True
using the SAVED construction (45 points): exact, no re-execution
verifier computes  C5 = 0.384137333  over 45 points
recorded raw_score = 0.384137333   |diff| = 0.00e+00   (replay reproduced it)
wrote /home/ubuntu/TTT-small/runs/erdos_Qwen3-8B_1008-0537/erdos_solution.png and /home/ubuntu/TTT-small/runs/erdos_Qwen3-8B_1008-0537/erdos_solution.pdf

=== completed step 0: plot_erdos_best_curve.py ===
read 57 valid rollouts across steps 0-0
best C₅ bound = 0.384137333 by step 0
wrote /home/ubuntu/TTT-small/runs/erdos_Qwen3-8B_1008-0537/best_so_far.png and /home/ubuntu/TTT-small/runs/erdos_Qwen3-8B_1008-0537/best_so_far.pdf

=== completed step 1: plot_erdos.py ===
selected step 1 group 1 rollout 3: recorded raw_score = 0.3816662889663151, parent_is_seed = False
using the SAVED construction (45 points): exact, no re-execution
verifier computes  C5 = 0.381666289  over 45 points
recorded raw_score = 0.381666289   |diff| = 0.00e+00   (replay reproduced it)
wrote /home/ubuntu/TTT-small/runs/erdos_Qwen3-8B_1008-0537/erdos_solution.png and /home/ubuntu/TTT-small/runs/erdos_Qwen3-8B_1008-0537/erdos_solution.pdf

=== completed step 1: plot_erdos_best_curve.py ===
read 129 valid rollouts across steps 0-1
best C₅ bound = 0.381666289 by step 1
wrote /home/ubuntu/TTT-small/runs/erdos_Qwen3-8B_1008-0537/best_so_far.png and /home/ubuntu/TTT-small/runs/erdos_Qwen3-8B_1008-0537/best_so_far.pdf

=== completed step 2: plot_erdos.py ===
selected step 2 group 0 rollout 23: recorded raw_score = 0.3814621795915091, parent_is_seed = False
using the SAVED construction (45 points): exact, no re-execution
verifier computes  C5 = 0.381462180  over 45 points
recorded raw_score = 0.381462180   |diff| = 0.00e+00   (replay reproduced it)
wrote /home/ubuntu/TTT-small/runs/erdos_Qwen3-8B_1008-0537/erdos_solution.png and /home/ubuntu/TTT-small/runs/erdos_Qwen3-8B_1008-0537/erdos_solution.pdf

=== completed step 2: plot_erdos_best_curve.py ===
read 205 valid rollouts across steps 0-2
best C₅ bound = 0.381462180 by step 2
wrote /home/ubuntu/TTT-small/runs/erdos_Qwen3-8B_1008-0537/best_so_far.png and /home/ubuntu/TTT-small/runs/erdos_Qwen3-8B_1008-0537/best_so_far.pdf

=== completed step 3: plot_erdos.py ===
selected step 3 group 0 rollout 11: recorded raw_score = 0.3812188205516284, parent_is_seed = False
using the SAVED construction (45 points): exact, no re-execution
verifier computes  C5 = 0.381218821  over 45 points
recorded raw_score = 0.381218821   |diff| = 0.00e+00   (replay reproduced it)
wrote /home/ubuntu/TTT-small/runs/erdos_Qwen3-8B_1008-0537/erdos_solution.png and /home/ubuntu/TTT-small/runs/erdos_Qwen3-8B_1008-0537/erdos_solution.pdf

=== completed step 3: plot_erdos_best_curve.py ===
read 275 valid rollouts across steps 0-3
best C₅ bound = 0.381218821 by step 3
wrote /home/ubuntu/TTT-small/runs/erdos_Qwen3-8B_1008-0537/best_so_far.png and /home/ubuntu/TTT-small/runs/erdos_Qwen3-8B_1008-0537/best_so_far.pdf

=== completed step 4: plot_erdos.py ===
selected step 4 group 3 rollout 45: recorded raw_score = 0.38115190505635477, parent_is_seed = False
using the SAVED construction (45 points): exact, no re-execution
verifier computes  C5 = 0.381151905  over 45 points
recorded raw_score = 0.381151905   |diff| = 0.00e+00   (replay reproduced it)
wrote /home/ubuntu/TTT-small/runs/erdos_Qwen3-8B_1008-0537/erdos_solution.png and /home/ubuntu/TTT-small/runs/erdos_Qwen3-8B_1008-0537/erdos_solution.pdf

=== completed step 4: plot_erdos_best_curve.py ===
read 354 valid rollouts across steps 0-4
best C₅ bound = 0.381151905 by step 4
wrote /home/ubuntu/TTT-small/runs/erdos_Qwen3-8B_1008-0537/best_so_far.png and /home/ubuntu/TTT-small/runs/erdos_Qwen3-8B_1008-0537/best_so_far.pdf

=== completed step 5: plot_erdos.py ===
selected step 5 group 1 rollout 19: recorded raw_score = 0.38114281430786745, parent_is_seed = False
using the SAVED construction (45 points): exact, no re-execution
verifier computes  C5 = 0.381142814  over 45 points
recorded raw_score = 0.381142814   |diff| = 0.00e+00   (replay reproduced it)
wrote /home/ubuntu/TTT-small/runs/erdos_Qwen3-8B_1008-0537/erdos_solution.png and /home/ubuntu/TTT-small/runs/erdos_Qwen3-8B_1008-0537/erdos_solution.pdf

=== completed step 5: plot_erdos_best_curve.py ===
read 440 valid rollouts across steps 0-5
best C₅ bound = 0.381142814 by step 5
wrote /home/ubuntu/TTT-small/runs/erdos_Qwen3-8B_1008-0537/best_so_far.png and /home/ubuntu/TTT-small/runs/erdos_Qwen3-8B_1008-0537/best_so_far.pdf

=== completed step 6: plot_erdos.py ===
selected step 6 group 2 rollout 22: recorded raw_score = 0.3811424493728249, parent_is_seed = False
using the SAVED construction (45 points): exact, no re-execution
verifier computes  C5 = 0.381142449  over 45 points
recorded raw_score = 0.381142449   |diff| = 0.00e+00   (replay reproduced it)
wrote /home/ubuntu/TTT-small/runs/erdos_Qwen3-8B_1008-0537/erdos_solution.png and /home/ubuntu/TTT-small/runs/erdos_Qwen3-8B_1008-0537/erdos_solution.pdf

=== completed step 6: plot_erdos_best_curve.py ===
read 535 valid rollouts across steps 0-6
best C₅ bound = 0.381142449 by step 6
wrote /home/ubuntu/TTT-small/runs/erdos_Qwen3-8B_1008-0537/best_so_far.png and /home/ubuntu/TTT-small/runs/erdos_Qwen3-8B_1008-0537/best_so_far.pdf

=== completed step 7: plot_erdos.py ===
selected step 7 group 1 rollout 15: recorded raw_score = 0.3811421816338967, parent_is_seed = False
using the SAVED construction (45 points): exact, no re-execution
verifier computes  C5 = 0.381142182  over 45 points
recorded raw_score = 0.381142182   |diff| = 0.00e+00   (replay reproduced it)
wrote /home/ubuntu/TTT-small/runs/erdos_Qwen3-8B_1008-0537/erdos_solution.png and /home/ubuntu/TTT-small/runs/erdos_Qwen3-8B_1008-0537/erdos_solution.pdf

=== completed step 7: plot_erdos_best_curve.py ===
read 639 valid rollouts across steps 0-7
best C₅ bound = 0.381142182 by step 7
wrote /home/ubuntu/TTT-small/runs/erdos_Qwen3-8B_1008-0537/best_so_far.png and /home/ubuntu/TTT-small/runs/erdos_Qwen3-8B_1008-0537/best_so_far.pdf

=== completed step 8: plot_erdos.py ===
selected step 8 group 1 rollout 10: recorded raw_score = 0.3811420431320448, parent_is_seed = False
using the SAVED construction (45 points): exact, no re-execution
verifier computes  C5 = 0.381142043  over 45 points
recorded raw_score = 0.381142043   |diff| = 0.00e+00   (replay reproduced it)
wrote /home/ubuntu/TTT-small/runs/erdos_Qwen3-8B_1008-0537/erdos_solution.png and /home/ubuntu/TTT-small/runs/erdos_Qwen3-8B_1008-0537/erdos_solution.pdf

=== completed step 8: plot_erdos_best_curve.py ===
read 760 valid rollouts across steps 0-8
best C₅ bound = 0.381142043 by step 8
wrote /home/ubuntu/TTT-small/runs/erdos_Qwen3-8B_1008-0537/best_so_far.png and /home/ubuntu/TTT-small/runs/erdos_Qwen3-8B_1008-0537/best_so_far.pdf

=== completed step 9: plot_erdos.py ===
selected step 9 group 3 rollout 12: recorded raw_score = 0.38114193816280273, parent_is_seed = False
using the SAVED construction (45 points): exact, no re-execution
verifier computes  C5 = 0.381141938  over 45 points
recorded raw_score = 0.381141938   |diff| = 0.00e+00   (replay reproduced it)
wrote /home/ubuntu/TTT-small/runs/erdos_Qwen3-8B_1008-0537/erdos_solution.png and /home/ubuntu/TTT-small/runs/erdos_Qwen3-8B_1008-0537/erdos_solution.pdf

=== completed step 9: plot_erdos_best_curve.py ===
read 890 valid rollouts across steps 0-9
best C₅ bound = 0.381141938 by step 9
wrote /home/ubuntu/TTT-small/runs/erdos_Qwen3-8B_1008-0537/best_so_far.png and /home/ubuntu/TTT-small/runs/erdos_Qwen3-8B_1008-0537/best_so_far.pdf

=== completed step 10: plot_erdos.py ===
selected step 10 group 3 rollout 15: recorded raw_score = 0.38114190106076823, parent_is_seed = False
using the SAVED construction (45 points): exact, no re-execution
verifier computes  C5 = 0.381141901  over 45 points
recorded raw_score = 0.381141901   |diff| = 0.00e+00   (replay reproduced it)
wrote /home/ubuntu/TTT-small/runs/erdos_Qwen3-8B_1008-0537/erdos_solution.png and /home/ubuntu/TTT-small/runs/erdos_Qwen3-8B_1008-0537/erdos_solution.pdf

=== completed step 10: plot_erdos_best_curve.py ===
read 1036 valid rollouts across steps 0-10
best C₅ bound = 0.381141901 by step 10
wrote /home/ubuntu/TTT-small/runs/erdos_Qwen3-8B_1008-0537/best_so_far.png and /home/ubuntu/TTT-small/runs/erdos_Qwen3-8B_1008-0537/best_so_far.pdf

=== completed step 11: plot_erdos.py ===
selected step 11 group 3 rollout 30: recorded raw_score = 0.38114187441457376, parent_is_seed = False
using the SAVED construction (45 points): exact, no re-execution
verifier computes  C5 = 0.381141874  over 45 points
recorded raw_score = 0.381141874   |diff| = 0.00e+00   (replay reproduced it)
wrote /home/ubuntu/TTT-small/runs/erdos_Qwen3-8B_1008-0537/erdos_solution.png and /home/ubuntu/TTT-small/runs/erdos_Qwen3-8B_1008-0537/erdos_solution.pdf

=== completed step 11: plot_erdos_best_curve.py ===
read 1173 valid rollouts across steps 0-11
best C₅ bound = 0.381141874 by step 11
wrote /home/ubuntu/TTT-small/runs/erdos_Qwen3-8B_1008-0537/best_so_far.png and /home/ubuntu/TTT-small/runs/erdos_Qwen3-8B_1008-0537/best_so_far.pdf

=== completed step 12: plot_erdos.py ===
selected step 11 group 3 rollout 30: recorded raw_score = 0.38114187441457376, parent_is_seed = False
using the SAVED construction (45 points): exact, no re-execution
verifier computes  C5 = 0.381141874  over 45 points
recorded raw_score = 0.381141874   |diff| = 0.00e+00   (replay reproduced it)
wrote /home/ubuntu/TTT-small/runs/erdos_Qwen3-8B_1008-0537/erdos_solution.png and /home/ubuntu/TTT-small/runs/erdos_Qwen3-8B_1008-0537/erdos_solution.pdf

=== completed step 12: plot_erdos_best_curve.py ===
read 1317 valid rollouts across steps 0-12
best C₅ bound = 0.381141874 by step 11
wrote /home/ubuntu/TTT-small/runs/erdos_Qwen3-8B_1008-0537/best_so_far.png and /home/ubuntu/TTT-small/runs/erdos_Qwen3-8B_1008-0537/best_so_far.pdf

=== completed step 13: plot_erdos.py ===
selected step 13 group 1 rollout 1: recorded raw_score = 0.38114187240953584, parent_is_seed = False
using the SAVED construction (45 points): exact, no re-execution
verifier computes  C5 = 0.381141872  over 45 points
recorded raw_score = 0.381141872   |diff| = 0.00e+00   (replay reproduced it)
wrote /home/ubuntu/TTT-small/runs/erdos_Qwen3-8B_1008-0537/erdos_solution.png and /home/ubuntu/TTT-small/runs/erdos_Qwen3-8B_1008-0537/erdos_solution.pdf

=== completed step 13: plot_erdos_best_curve.py ===
read 1473 valid rollouts across steps 0-13
best C₅ bound = 0.381141872 by step 13
wrote /home/ubuntu/TTT-small/runs/erdos_Qwen3-8B_1008-0537/best_so_far.png and /home/ubuntu/TTT-small/runs/erdos_Qwen3-8B_1008-0537/best_so_far.pdf

=== completed step 14: plot_erdos.py ===
selected step 14 group 0 rollout 9: recorded raw_score = 0.38114186841818454, parent_is_seed = False
using the SAVED construction (45 points): exact, no re-execution
verifier computes  C5 = 0.381141868  over 45 points
recorded raw_score = 0.381141868   |diff| = 0.00e+00   (replay reproduced it)
wrote /home/ubuntu/TTT-small/runs/erdos_Qwen3-8B_1008-0537/erdos_solution.png and /home/ubuntu/TTT-small/runs/erdos_Qwen3-8B_1008-0537/erdos_solution.pdf

=== completed step 14: plot_erdos_best_curve.py ===
read 1630 valid rollouts across steps 0-14
best C₅ bound = 0.381141868 by step 14
wrote /home/ubuntu/TTT-small/runs/erdos_Qwen3-8B_1008-0537/best_so_far.png and /home/ubuntu/TTT-small/runs/erdos_Qwen3-8B_1008-0537/best_so_far.pdf

=== completed step 15: plot_erdos.py ===
selected step 15 group 1 rollout 27: recorded raw_score = 0.3811418647361887, parent_is_seed = False
using the SAVED construction (45 points): exact, no re-execution
verifier computes  C5 = 0.381141865  over 45 points
recorded raw_score = 0.381141865   |diff| = 0.00e+00   (replay reproduced it)
wrote /home/ubuntu/TTT-small/runs/erdos_Qwen3-8B_1008-0537/erdos_solution.png and /home/ubuntu/TTT-small/runs/erdos_Qwen3-8B_1008-0537/erdos_solution.pdf

=== completed step 15: plot_erdos_best_curve.py ===
read 1803 valid rollouts across steps 0-15
best C₅ bound = 0.381141865 by step 15
wrote /home/ubuntu/TTT-small/runs/erdos_Qwen3-8B_1008-0537/best_so_far.png and /home/ubuntu/TTT-small/runs/erdos_Qwen3-8B_1008-0537/best_so_far.pdf

=== completed step 16: plot_erdos.py ===
selected step 15 group 1 rollout 27: recorded raw_score = 0.3811418647361887, parent_is_seed = False
using the SAVED construction (45 points): exact, no re-execution
verifier computes  C5 = 0.381141865  over 45 points
recorded raw_score = 0.381141865   |diff| = 0.00e+00   (replay reproduced it)
wrote /home/ubuntu/TTT-small/runs/erdos_Qwen3-8B_1008-0537/erdos_solution.png and /home/ubuntu/TTT-small/runs/erdos_Qwen3-8B_1008-0537/erdos_solution.pdf

=== completed step 16: plot_erdos_best_curve.py ===
read 1966 valid rollouts across steps 0-16
best C₅ bound = 0.381141865 by step 15
wrote /home/ubuntu/TTT-small/runs/erdos_Qwen3-8B_1008-0537/best_so_far.png and /home/ubuntu/TTT-small/runs/erdos_Qwen3-8B_1008-0537/best_so_far.pdf

=== completed step 17: plot_erdos.py ===
selected step 15 group 1 rollout 27: recorded raw_score = 0.3811418647361887, parent_is_seed = False
using the SAVED construction (45 points): exact, no re-execution
verifier computes  C5 = 0.381141865  over 45 points
recorded raw_score = 0.381141865   |diff| = 0.00e+00   (replay reproduced it)
wrote /home/ubuntu/TTT-small/runs/erdos_Qwen3-8B_1008-0537/erdos_solution.png and /home/ubuntu/TTT-small/runs/erdos_Qwen3-8B_1008-0537/erdos_solution.pdf

=== completed step 17: plot_erdos_best_curve.py ===
read 2138 valid rollouts across steps 0-17
best C₅ bound = 0.381141865 by step 15
wrote /home/ubuntu/TTT-small/runs/erdos_Qwen3-8B_1008-0537/best_so_far.png and /home/ubuntu/TTT-small/runs/erdos_Qwen3-8B_1008-0537/best_so_far.pdf

=== completed step 18: plot_erdos.py ===
selected step 15 group 1 rollout 27: recorded raw_score = 0.3811418647361887, parent_is_seed = False
using the SAVED construction (45 points): exact, no re-execution
verifier computes  C5 = 0.381141865  over 45 points
recorded raw_score = 0.381141865   |diff| = 0.00e+00   (replay reproduced it)
wrote /home/ubuntu/TTT-small/runs/erdos_Qwen3-8B_1008-0537/erdos_solution.png and /home/ubuntu/TTT-small/runs/erdos_Qwen3-8B_1008-0537/erdos_solution.pdf

=== completed step 18: plot_erdos_best_curve.py ===
read 2314 valid rollouts across steps 0-18
best C₅ bound = 0.381141865 by step 15
wrote /home/ubuntu/TTT-small/runs/erdos_Qwen3-8B_1008-0537/best_so_far.png and /home/ubuntu/TTT-small/runs/erdos_Qwen3-8B_1008-0537/best_so_far.pdf

=== completed step 19: plot_erdos.py ===
selected step 15 group 1 rollout 27: recorded raw_score = 0.3811418647361887, parent_is_seed = False
using the SAVED construction (45 points): exact, no re-execution
verifier computes  C5 = 0.381141865  over 45 points
recorded raw_score = 0.381141865   |diff| = 0.00e+00   (replay reproduced it)
wrote /home/ubuntu/TTT-small/runs/erdos_Qwen3-8B_1008-0537/erdos_solution.png and /home/ubuntu/TTT-small/runs/erdos_Qwen3-8B_1008-0537/erdos_solution.pdf

=== completed step 19: plot_erdos_best_curve.py ===
read 2493 valid rollouts across steps 0-19
best C₅ bound = 0.381141865 by step 15
wrote /home/ubuntu/TTT-small/runs/erdos_Qwen3-8B_1008-0537/best_so_far.png and /home/ubuntu/TTT-small/runs/erdos_Qwen3-8B_1008-0537/best_so_far.pdf

=== completed step 20: plot_erdos.py ===
selected step 15 group 1 rollout 27: recorded raw_score = 0.3811418647361887, parent_is_seed = False
using the SAVED construction (45 points): exact, no re-execution
verifier computes  C5 = 0.381141865  over 45 points
recorded raw_score = 0.381141865   |diff| = 0.00e+00   (replay reproduced it)
wrote /home/ubuntu/TTT-small/runs/erdos_Qwen3-8B_1008-0537/erdos_solution.png and /home/ubuntu/TTT-small/runs/erdos_Qwen3-8B_1008-0537/erdos_solution.pdf

=== completed step 20: plot_erdos_best_curve.py ===
read 2670 valid rollouts across steps 0-20
best C₅ bound = 0.381141865 by step 15
wrote /home/ubuntu/TTT-small/runs/erdos_Qwen3-8B_1008-0537/best_so_far.png and /home/ubuntu/TTT-small/runs/erdos_Qwen3-8B_1008-0537/best_so_far.pdf

=== completed step 21: plot_erdos.py ===
selected step 15 group 1 rollout 27: recorded raw_score = 0.3811418647361887, parent_is_seed = False
using the SAVED construction (45 points): exact, no re-execution
verifier computes  C5 = 0.381141865  over 45 points
recorded raw_score = 0.381141865   |diff| = 0.00e+00   (replay reproduced it)
wrote /home/ubuntu/TTT-small/runs/erdos_Qwen3-8B_1008-0537/erdos_solution.png and /home/ubuntu/TTT-small/runs/erdos_Qwen3-8B_1008-0537/erdos_solution.pdf

=== completed step 21: plot_erdos_best_curve.py ===
read 2833 valid rollouts across steps 0-21
best C₅ bound = 0.381141865 by step 15
wrote /home/ubuntu/TTT-small/runs/erdos_Qwen3-8B_1008-0537/best_so_far.png and /home/ubuntu/TTT-small/runs/erdos_Qwen3-8B_1008-0537/best_so_far.pdf

=== completed step 22: plot_erdos.py ===
selected step 15 group 1 rollout 27: recorded raw_score = 0.3811418647361887, parent_is_seed = False
using the SAVED construction (45 points): exact, no re-execution
verifier computes  C5 = 0.381141865  over 45 points
recorded raw_score = 0.381141865   |diff| = 0.00e+00   (replay reproduced it)
wrote /home/ubuntu/TTT-small/runs/erdos_Qwen3-8B_1008-0537/erdos_solution.png and /home/ubuntu/TTT-small/runs/erdos_Qwen3-8B_1008-0537/erdos_solution.pdf

=== completed step 22: plot_erdos_best_curve.py ===
read 2994 valid rollouts across steps 0-22
best C₅ bound = 0.381141865 by step 15
wrote /home/ubuntu/TTT-small/runs/erdos_Qwen3-8B_1008-0537/best_so_far.png and /home/ubuntu/TTT-small/runs/erdos_Qwen3-8B_1008-0537/best_so_far.pdf

=== completed step 23: plot_erdos.py ===
selected step 15 group 1 rollout 27: recorded raw_score = 0.3811418647361887, parent_is_seed = False
using the SAVED construction (45 points): exact, no re-execution
verifier computes  C5 = 0.381141865  over 45 points
recorded raw_score = 0.381141865   |diff| = 0.00e+00   (replay reproduced it)
wrote /home/ubuntu/TTT-small/runs/erdos_Qwen3-8B_1008-0537/erdos_solution.png and /home/ubuntu/TTT-small/runs/erdos_Qwen3-8B_1008-0537/erdos_solution.pdf

=== completed step 23: plot_erdos_best_curve.py ===
read 3152 valid rollouts across steps 0-23
best C₅ bound = 0.381141865 by step 15
wrote /home/ubuntu/TTT-small/runs/erdos_Qwen3-8B_1008-0537/best_so_far.png and /home/ubuntu/TTT-small/runs/erdos_Qwen3-8B_1008-0537/best_so_far.pdf

=== completed step 24: plot_erdos.py ===
selected step 15 group 1 rollout 27: recorded raw_score = 0.3811418647361887, parent_is_seed = False
using the SAVED construction (45 points): exact, no re-execution
verifier computes  C5 = 0.381141865  over 45 points
recorded raw_score = 0.381141865   |diff| = 0.00e+00   (replay reproduced it)
wrote /home/ubuntu/TTT-small/runs/erdos_Qwen3-8B_1008-0537/erdos_solution.png and /home/ubuntu/TTT-small/runs/erdos_Qwen3-8B_1008-0537/erdos_solution.pdf

=== completed step 24: plot_erdos_best_curve.py ===
read 3325 valid rollouts across steps 0-24
best C₅ bound = 0.381141865 by step 15
wrote /home/ubuntu/TTT-small/runs/erdos_Qwen3-8B_1008-0537/best_so_far.png and /home/ubuntu/TTT-small/runs/erdos_Qwen3-8B_1008-0537/best_so_far.pdf

=== completed step 25: plot_erdos.py ===
selected step 25 group 2 rollout 0: recorded raw_score = 0.3811418646661045, parent_is_seed = False
using the SAVED construction (45 points): exact, no re-execution
verifier computes  C5 = 0.381141865  over 45 points
recorded raw_score = 0.381141865   |diff| = 0.00e+00   (replay reproduced it)
wrote /home/ubuntu/TTT-small/runs/erdos_Qwen3-8B_1008-0537/erdos_solution.png and /home/ubuntu/TTT-small/runs/erdos_Qwen3-8B_1008-0537/erdos_solution.pdf

=== completed step 25: plot_erdos_best_curve.py ===
read 3496 valid rollouts across steps 0-25
best C₅ bound = 0.381141865 by step 15
wrote /home/ubuntu/TTT-small/runs/erdos_Qwen3-8B_1008-0537/best_so_far.png and /home/ubuntu/TTT-small/runs/erdos_Qwen3-8B_1008-0537/best_so_far.pdf

=== completed step 26: plot_erdos.py ===
selected step 25 group 2 rollout 0: recorded raw_score = 0.3811418646661045, parent_is_seed = False
using the SAVED construction (45 points): exact, no re-execution
verifier computes  C5 = 0.381141865  over 45 points
recorded raw_score = 0.381141865   |diff| = 0.00e+00   (replay reproduced it)
wrote /home/ubuntu/TTT-small/runs/erdos_Qwen3-8B_1008-0537/erdos_solution.png and /home/ubuntu/TTT-small/runs/erdos_Qwen3-8B_1008-0537/erdos_solution.pdf

=== completed step 26: plot_erdos_best_curve.py ===
read 3677 valid rollouts across steps 0-26
best C₅ bound = 0.381141865 by step 15
wrote /home/ubuntu/TTT-small/runs/erdos_Qwen3-8B_1008-0537/best_so_far.png and /home/ubuntu/TTT-small/runs/erdos_Qwen3-8B_1008-0537/best_so_far.pdf

=== completed step 27: plot_erdos.py ===
selected step 27 group 0 rollout 37: recorded raw_score = 0.38114186464814964, parent_is_seed = False
using the SAVED construction (45 points): exact, no re-execution
verifier computes  C5 = 0.381141865  over 45 points
recorded raw_score = 0.381141865   |diff| = 0.00e+00   (replay reproduced it)
wrote /home/ubuntu/TTT-small/runs/erdos_Qwen3-8B_1008-0537/erdos_solution.png and /home/ubuntu/TTT-small/runs/erdos_Qwen3-8B_1008-0537/erdos_solution.pdf

=== completed step 27: plot_erdos_best_curve.py ===
read 3850 valid rollouts across steps 0-27
best C₅ bound = 0.381141865 by step 15
wrote /home/ubuntu/TTT-small/runs/erdos_Qwen3-8B_1008-0537/best_so_far.png and /home/ubuntu/TTT-small/runs/erdos_Qwen3-8B_1008-0537/best_so_far.pdf

=== completed step 28: plot_erdos.py ===
selected step 28 group 0 rollout 11: recorded raw_score = 0.3811418643815623, parent_is_seed = False
using the SAVED construction (45 points): exact, no re-execution
verifier computes  C5 = 0.381141864  over 45 points
recorded raw_score = 0.381141864   |diff| = 0.00e+00   (replay reproduced it)
wrote /home/ubuntu/TTT-small/runs/erdos_Qwen3-8B_1008-0537/erdos_solution.png and /home/ubuntu/TTT-small/runs/erdos_Qwen3-8B_1008-0537/erdos_solution.pdf

=== completed step 28: plot_erdos_best_curve.py ===
read 4029 valid rollouts across steps 0-28
best C₅ bound = 0.381141865 by step 15
wrote /home/ubuntu/TTT-small/runs/erdos_Qwen3-8B_1008-0537/best_so_far.png and /home/ubuntu/TTT-small/runs/erdos_Qwen3-8B_1008-0537/best_so_far.pdf

=== completed step 29: plot_erdos.py ===
selected step 29 group 1 rollout 13: recorded raw_score = 0.38114186031533076, parent_is_seed = False
using the SAVED construction (45 points): exact, no re-execution
verifier computes  C5 = 0.381141860  over 45 points
recorded raw_score = 0.381141860   |diff| = 0.00e+00   (replay reproduced it)
wrote /home/ubuntu/TTT-small/runs/erdos_Qwen3-8B_1008-0537/erdos_solution.png and /home/ubuntu/TTT-small/runs/erdos_Qwen3-8B_1008-0537/erdos_solution.pdf

=== completed step 29: plot_erdos_best_curve.py ===
read 4203 valid rollouts across steps 0-29
best C₅ bound = 0.381141860 by step 29
wrote /home/ubuntu/TTT-small/runs/erdos_Qwen3-8B_1008-0537/best_so_far.png and /home/ubuntu/TTT-small/runs/erdos_Qwen3-8B_1008-0537/best_so_far.pdf

=== completed step 30: plot_erdos.py ===
selected step 29 group 1 rollout 13: recorded raw_score = 0.38114186031533076, parent_is_seed = False
using the SAVED construction (45 points): exact, no re-execution
verifier computes  C5 = 0.381141860  over 45 points
recorded raw_score = 0.381141860   |diff| = 0.00e+00   (replay reproduced it)
wrote /home/ubuntu/TTT-small/runs/erdos_Qwen3-8B_1008-0537/erdos_solution.png and /home/ubuntu/TTT-small/runs/erdos_Qwen3-8B_1008-0537/erdos_solution.pdf

=== completed step 30: plot_erdos_best_curve.py ===
read 4378 valid rollouts across steps 0-30
best C₅ bound = 0.381141860 by step 29
wrote /home/ubuntu/TTT-small/runs/erdos_Qwen3-8B_1008-0537/best_so_far.png and /home/ubuntu/TTT-small/runs/erdos_Qwen3-8B_1008-0537/best_so_far.pdf

=== completed step 31: plot_erdos.py ===
selected step 29 group 1 rollout 13: recorded raw_score = 0.38114186031533076, parent_is_seed = False
using the SAVED construction (45 points): exact, no re-execution
verifier computes  C5 = 0.381141860  over 45 points
recorded raw_score = 0.381141860   |diff| = 0.00e+00   (replay reproduced it)
wrote /home/ubuntu/TTT-small/runs/erdos_Qwen3-8B_1008-0537/erdos_solution.png and /home/ubuntu/TTT-small/runs/erdos_Qwen3-8B_1008-0537/erdos_solution.pdf

=== completed step 31: plot_erdos_best_curve.py ===
read 4528 valid rollouts across steps 0-31
best C₅ bound = 0.381141860 by step 29
wrote /home/ubuntu/TTT-small/runs/erdos_Qwen3-8B_1008-0537/best_so_far.png and /home/ubuntu/TTT-small/runs/erdos_Qwen3-8B_1008-0537/best_so_far.pdf

=== completed step 32: plot_erdos.py ===
selected step 29 group 1 rollout 13: recorded raw_score = 0.38114186031533076, parent_is_seed = False
using the SAVED construction (45 points): exact, no re-execution
verifier computes  C5 = 0.381141860  over 45 points
recorded raw_score = 0.381141860   |diff| = 0.00e+00   (replay reproduced it)
wrote /home/ubuntu/TTT-small/runs/erdos_Qwen3-8B_1008-0537/erdos_solution.png and /home/ubuntu/TTT-small/runs/erdos_Qwen3-8B_1008-0537/erdos_solution.pdf

=== completed step 32: plot_erdos_best_curve.py ===
read 4606 valid rollouts across steps 0-32
best C₅ bound = 0.381141860 by step 29
wrote /home/ubuntu/TTT-small/runs/erdos_Qwen3-8B_1008-0537/best_so_far.png and /home/ubuntu/TTT-small/runs/erdos_Qwen3-8B_1008-0537/best_so_far.pdf

=== completed step 33: plot_erdos.py ===
selected step 29 group 1 rollout 13: recorded raw_score = 0.38114186031533076, parent_is_seed = False
using the SAVED construction (45 points): exact, no re-execution
verifier computes  C5 = 0.381141860  over 45 points
recorded raw_score = 0.381141860   |diff| = 0.00e+00   (replay reproduced it)
wrote /home/ubuntu/TTT-small/runs/erdos_Qwen3-8B_1008-0537/erdos_solution.png and /home/ubuntu/TTT-small/runs/erdos_Qwen3-8B_1008-0537/erdos_solution.pdf

=== completed step 33: plot_erdos_best_curve.py ===
read 4694 valid rollouts across steps 0-33
best C₅ bound = 0.381141860 by step 29
wrote /home/ubuntu/TTT-small/runs/erdos_Qwen3-8B_1008-0537/best_so_far.png and /home/ubuntu/TTT-small/runs/erdos_Qwen3-8B_1008-0537/best_so_far.pdf

=== completed step 34: plot_erdos.py ===
selected step 29 group 1 rollout 13: recorded raw_score = 0.38114186031533076, parent_is_seed = False
using the SAVED construction (45 points): exact, no re-execution
verifier computes  C5 = 0.381141860  over 45 points
recorded raw_score = 0.381141860   |diff| = 0.00e+00   (replay reproduced it)
wrote /home/ubuntu/TTT-small/runs/erdos_Qwen3-8B_1008-0537/erdos_solution.png and /home/ubuntu/TTT-small/runs/erdos_Qwen3-8B_1008-0537/erdos_solution.pdf

=== completed step 34: plot_erdos_best_curve.py ===
read 4814 valid rollouts across steps 0-34
best C₅ bound = 0.381141860 by step 29
wrote /home/ubuntu/TTT-small/runs/erdos_Qwen3-8B_1008-0537/best_so_far.png and /home/ubuntu/TTT-small/runs/erdos_Qwen3-8B_1008-0537/best_so_far.pdf

=== completed step 35: plot_erdos.py ===
selected step 29 group 1 rollout 13: recorded raw_score = 0.38114186031533076, parent_is_seed = False
using the SAVED construction (45 points): exact, no re-execution
verifier computes  C5 = 0.381141860  over 45 points
recorded raw_score = 0.381141860   |diff| = 0.00e+00   (replay reproduced it)
wrote /home/ubuntu/TTT-small/runs/erdos_Qwen3-8B_1008-0537/erdos_solution.png and /home/ubuntu/TTT-small/runs/erdos_Qwen3-8B_1008-0537/erdos_solution.pdf

=== completed step 35: plot_erdos_best_curve.py ===
read 4912 valid rollouts across steps 0-35
best C₅ bound = 0.381141860 by step 29
wrote /home/ubuntu/TTT-small/runs/erdos_Qwen3-8B_1008-0537/best_so_far.png and /home/ubuntu/TTT-small/runs/erdos_Qwen3-8B_1008-0537/best_so_far.pdf

=== completed step 36: plot_erdos.py ===
selected step 29 group 1 rollout 13: recorded raw_score = 0.38114186031533076, parent_is_seed = False
using the SAVED construction (45 points): exact, no re-execution
verifier computes  C5 = 0.381141860  over 45 points
recorded raw_score = 0.381141860   |diff| = 0.00e+00   (replay reproduced it)
wrote /home/ubuntu/TTT-small/runs/erdos_Qwen3-8B_1008-0537/erdos_solution.png and /home/ubuntu/TTT-small/runs/erdos_Qwen3-8B_1008-0537/erdos_solution.pdf

=== completed step 36: plot_erdos_best_curve.py ===
read 5083 valid rollouts across steps 0-36
best C₅ bound = 0.381141860 by step 29
wrote /home/ubuntu/TTT-small/runs/erdos_Qwen3-8B_1008-0537/best_so_far.png and /home/ubuntu/TTT-small/runs/erdos_Qwen3-8B_1008-0537/best_so_far.pdf

=== completed step 37: plot_erdos.py ===
selected step 29 group 1 rollout 13: recorded raw_score = 0.38114186031533076, parent_is_seed = False
using the SAVED construction (45 points): exact, no re-execution
verifier computes  C5 = 0.381141860  over 45 points
recorded raw_score = 0.381141860   |diff| = 0.00e+00   (replay reproduced it)
wrote /home/ubuntu/TTT-small/runs/erdos_Qwen3-8B_1008-0537/erdos_solution.png and /home/ubuntu/TTT-small/runs/erdos_Qwen3-8B_1008-0537/erdos_solution.pdf

=== completed step 37: plot_erdos_best_curve.py ===
read 5253 valid rollouts across steps 0-37
best C₅ bound = 0.381141860 by step 29
wrote /home/ubuntu/TTT-small/runs/erdos_Qwen3-8B_1008-0537/best_so_far.png and /home/ubuntu/TTT-small/runs/erdos_Qwen3-8B_1008-0537/best_so_far.pdf

=== completed step 38: plot_erdos.py ===
selected step 29 group 1 rollout 13: recorded raw_score = 0.38114186031533076, parent_is_seed = False
using the SAVED construction (45 points): exact, no re-execution
verifier computes  C5 = 0.381141860  over 45 points
recorded raw_score = 0.381141860   |diff| = 0.00e+00   (replay reproduced it)
wrote /home/ubuntu/TTT-small/runs/erdos_Qwen3-8B_1008-0537/erdos_solution.png and /home/ubuntu/TTT-small/runs/erdos_Qwen3-8B_1008-0537/erdos_solution.pdf

=== completed step 38: plot_erdos_best_curve.py ===
read 5381 valid rollouts across steps 0-38
best C₅ bound = 0.381141860 by step 29
wrote /home/ubuntu/TTT-small/runs/erdos_Qwen3-8B_1008-0537/best_so_far.png and /home/ubuntu/TTT-small/runs/erdos_Qwen3-8B_1008-0537/best_so_far.pdf

=== completed step 39: plot_erdos.py ===
selected step 29 group 1 rollout 13: recorded raw_score = 0.38114186031533076, parent_is_seed = False
using the SAVED construction (45 points): exact, no re-execution
verifier computes  C5 = 0.381141860  over 45 points
recorded raw_score = 0.381141860   |diff| = 0.00e+00   (replay reproduced it)
wrote /home/ubuntu/TTT-small/runs/erdos_Qwen3-8B_1008-0537/erdos_solution.png and /home/ubuntu/TTT-small/runs/erdos_Qwen3-8B_1008-0537/erdos_solution.pdf

=== completed step 39: plot_erdos_best_curve.py ===
read 5562 valid rollouts across steps 0-39
best C₅ bound = 0.381141860 by step 29
wrote /home/ubuntu/TTT-small/runs/erdos_Qwen3-8B_1008-0537/best_so_far.png and /home/ubuntu/TTT-small/runs/erdos_Qwen3-8B_1008-0537/best_so_far.pdf

=== completed step 40: plot_erdos.py ===
selected step 29 group 1 rollout 13: recorded raw_score = 0.38114186031533076, parent_is_seed = False
using the SAVED construction (45 points): exact, no re-execution
verifier computes  C5 = 0.381141860  over 45 points
recorded raw_score = 0.381141860   |diff| = 0.00e+00   (replay reproduced it)
wrote /home/ubuntu/TTT-small/runs/erdos_Qwen3-8B_1008-0537/erdos_solution.png and /home/ubuntu/TTT-small/runs/erdos_Qwen3-8B_1008-0537/erdos_solution.pdf

=== completed step 40: plot_erdos_best_curve.py ===
read 5735 valid rollouts across steps 0-40
best C₅ bound = 0.381141860 by step 29
wrote /home/ubuntu/TTT-small/runs/erdos_Qwen3-8B_1008-0537/best_so_far.png and /home/ubuntu/TTT-small/runs/erdos_Qwen3-8B_1008-0537/best_so_far.pdf

=== completed step 41: plot_erdos.py ===
selected step 29 group 1 rollout 13: recorded raw_score = 0.38114186031533076, parent_is_seed = False
using the SAVED construction (45 points): exact, no re-execution
verifier computes  C5 = 0.381141860  over 45 points
recorded raw_score = 0.381141860   |diff| = 0.00e+00   (replay reproduced it)
wrote /home/ubuntu/TTT-small/runs/erdos_Qwen3-8B_1008-0537/erdos_solution.png and /home/ubuntu/TTT-small/runs/erdos_Qwen3-8B_1008-0537/erdos_solution.pdf

=== completed step 41: plot_erdos_best_curve.py ===
read 5905 valid rollouts across steps 0-41
best C₅ bound = 0.381141860 by step 29
wrote /home/ubuntu/TTT-small/runs/erdos_Qwen3-8B_1008-0537/best_so_far.png and /home/ubuntu/TTT-small/runs/erdos_Qwen3-8B_1008-0537/best_so_far.pdf

=== completed step 42: plot_erdos.py ===
selected step 29 group 1 rollout 13: recorded raw_score = 0.38114186031533076, parent_is_seed = False
using the SAVED construction (45 points): exact, no re-execution
verifier computes  C5 = 0.381141860  over 45 points
recorded raw_score = 0.381141860   |diff| = 0.00e+00   (replay reproduced it)
wrote /home/ubuntu/TTT-small/runs/erdos_Qwen3-8B_1008-0537/erdos_solution.png and /home/ubuntu/TTT-small/runs/erdos_Qwen3-8B_1008-0537/erdos_solution.pdf

=== completed step 42: plot_erdos_best_curve.py ===
read 6032 valid rollouts across steps 0-42
best C₅ bound = 0.381141860 by step 29
wrote /home/ubuntu/TTT-small/runs/erdos_Qwen3-8B_1008-0537/best_so_far.png and /home/ubuntu/TTT-small/runs/erdos_Qwen3-8B_1008-0537/best_so_far.pdf

=== completed step 43: plot_erdos.py ===
selected step 29 group 1 rollout 13: recorded raw_score = 0.38114186031533076, parent_is_seed = False
using the SAVED construction (45 points): exact, no re-execution
verifier computes  C5 = 0.381141860  over 45 points
recorded raw_score = 0.381141860   |diff| = 0.00e+00   (replay reproduced it)
wrote /home/ubuntu/TTT-small/runs/erdos_Qwen3-8B_1008-0537/erdos_solution.png and /home/ubuntu/TTT-small/runs/erdos_Qwen3-8B_1008-0537/erdos_solution.pdf

=== completed step 43: plot_erdos_best_curve.py ===
read 6117 valid rollouts across steps 0-43
best C₅ bound = 0.381141860 by step 29
wrote /home/ubuntu/TTT-small/runs/erdos_Qwen3-8B_1008-0537/best_so_far.png and /home/ubuntu/TTT-small/runs/erdos_Qwen3-8B_1008-0537/best_so_far.pdf

=== completed step 44: plot_erdos.py ===
selected step 29 group 1 rollout 13: recorded raw_score = 0.38114186031533076, parent_is_seed = False
using the SAVED construction (45 points): exact, no re-execution
verifier computes  C5 = 0.381141860  over 45 points
recorded raw_score = 0.381141860   |diff| = 0.00e+00   (replay reproduced it)
wrote /home/ubuntu/TTT-small/runs/erdos_Qwen3-8B_1008-0537/erdos_solution.png and /home/ubuntu/TTT-small/runs/erdos_Qwen3-8B_1008-0537/erdos_solution.pdf

=== completed step 44: plot_erdos_best_curve.py ===
read 6208 valid rollouts across steps 0-44
best C₅ bound = 0.381141860 by step 29
wrote /home/ubuntu/TTT-small/runs/erdos_Qwen3-8B_1008-0537/best_so_far.png and /home/ubuntu/TTT-small/runs/erdos_Qwen3-8B_1008-0537/best_so_far.pdf

=== completed step 45: plot_erdos.py ===
selected step 29 group 1 rollout 13: recorded raw_score = 0.38114186031533076, parent_is_seed = False
using the SAVED construction (45 points): exact, no re-execution
verifier computes  C5 = 0.381141860  over 45 points
recorded raw_score = 0.381141860   |diff| = 0.00e+00   (replay reproduced it)
wrote /home/ubuntu/TTT-small/runs/erdos_Qwen3-8B_1008-0537/erdos_solution.png and /home/ubuntu/TTT-small/runs/erdos_Qwen3-8B_1008-0537/erdos_solution.pdf

=== completed step 45: plot_erdos_best_curve.py ===
read 6308 valid rollouts across steps 0-45
best C₅ bound = 0.381141860 by step 29
wrote /home/ubuntu/TTT-small/runs/erdos_Qwen3-8B_1008-0537/best_so_far.png and /home/ubuntu/TTT-small/runs/erdos_Qwen3-8B_1008-0537/best_so_far.pdf

=== completed step 46: plot_erdos.py ===
selected step 29 group 1 rollout 13: recorded raw_score = 0.38114186031533076, parent_is_seed = False
using the SAVED construction (45 points): exact, no re-execution
verifier computes  C5 = 0.381141860  over 45 points
recorded raw_score = 0.381141860   |diff| = 0.00e+00   (replay reproduced it)
wrote /home/ubuntu/TTT-small/runs/erdos_Qwen3-8B_1008-0537/erdos_solution.png and /home/ubuntu/TTT-small/runs/erdos_Qwen3-8B_1008-0537/erdos_solution.pdf

=== completed step 46: plot_erdos_best_curve.py ===
read 6395 valid rollouts across steps 0-46
best C₅ bound = 0.381141860 by step 29
wrote /home/ubuntu/TTT-small/runs/erdos_Qwen3-8B_1008-0537/best_so_far.png and /home/ubuntu/TTT-small/runs/erdos_Qwen3-8B_1008-0537/best_so_far.pdf

=== completed step 47: plot_erdos.py ===
selected step 29 group 1 rollout 13: recorded raw_score = 0.38114186031533076, parent_is_seed = False
using the SAVED construction (45 points): exact, no re-execution
verifier computes  C5 = 0.381141860  over 45 points
recorded raw_score = 0.381141860   |diff| = 0.00e+00   (replay reproduced it)
wrote /home/ubuntu/TTT-small/runs/erdos_Qwen3-8B_1008-0537/erdos_solution.png and /home/ubuntu/TTT-small/runs/erdos_Qwen3-8B_1008-0537/erdos_solution.pdf

=== completed step 47: plot_erdos_best_curve.py ===
read 6522 valid rollouts across steps 0-47
best C₅ bound = 0.381141860 by step 29
wrote /home/ubuntu/TTT-small/runs/erdos_Qwen3-8B_1008-0537/best_so_far.png and /home/ubuntu/TTT-small/runs/erdos_Qwen3-8B_1008-0537/best_so_far.pdf

=== completed step 48: plot_erdos.py ===
selected step 29 group 1 rollout 13: recorded raw_score = 0.38114186031533076, parent_is_seed = False
using the SAVED construction (45 points): exact, no re-execution
verifier computes  C5 = 0.381141860  over 45 points
recorded raw_score = 0.381141860   |diff| = 0.00e+00   (replay reproduced it)
wrote /home/ubuntu/TTT-small/runs/erdos_Qwen3-8B_1008-0537/erdos_solution.png and /home/ubuntu/TTT-small/runs/erdos_Qwen3-8B_1008-0537/erdos_solution.pdf

=== completed step 48: plot_erdos_best_curve.py ===
read 6651 valid rollouts across steps 0-48
best C₅ bound = 0.381141860 by step 29
wrote /home/ubuntu/TTT-small/runs/erdos_Qwen3-8B_1008-0537/best_so_far.png and /home/ubuntu/TTT-small/runs/erdos_Qwen3-8B_1008-0537/best_so_far.pdf

=== completed step 49: plot_erdos.py ===
selected step 29 group 1 rollout 13: recorded raw_score = 0.38114186031533076, parent_is_seed = False
using the SAVED construction (45 points): exact, no re-execution
verifier computes  C5 = 0.381141860  over 45 points
recorded raw_score = 0.381141860   |diff| = 0.00e+00   (replay reproduced it)
wrote /home/ubuntu/TTT-small/runs/erdos_Qwen3-8B_1008-0537/erdos_solution.png and /home/ubuntu/TTT-small/runs/erdos_Qwen3-8B_1008-0537/erdos_solution.pdf

=== completed step 49: plot_erdos_best_curve.py ===
read 6803 valid rollouts across steps 0-49
best C₅ bound = 0.381141860 by step 29
wrote /home/ubuntu/TTT-small/runs/erdos_Qwen3-8B_1008-0537/best_so_far.png and /home/ubuntu/TTT-small/runs/erdos_Qwen3-8B_1008-0537/best_so_far.pdf
