
=== completed step 0: plot_erdos.py ===
selected step 0 group 3 rollout 52: recorded raw_score = 0.38092957712285064, parent_is_seed = True
using the SAVED construction (70 points): exact, no re-execution
verifier computes  C5 = 0.380929577  over 70 points
recorded raw_score = 0.380929577   |diff| = 0.00e+00   (replay reproduced it)
wrote /home/ubuntu/TTT-small/runs/erdos_Qwen3.8-27B_1009-0116/erdos_solution.png and /home/ubuntu/TTT-small/runs/erdos_Qwen3.8-27B_1009-0116/erdos_solution.pdf

=== completed step 0: plot_erdos_best_curve.py ===
read 359 valid rollouts across steps 0-0
best C₅ bound = 0.380929577 by step 0
wrote /home/ubuntu/TTT-small/runs/erdos_Qwen3.8-27B_1009-0116/best_so_far.png and /home/ubuntu/TTT-small/runs/erdos_Qwen3.8-27B_1009-0116/best_so_far.pdf

=== completed step 1: plot_erdos.py ===
selected step 1 group 0 rollout 21: recorded raw_score = 0.38091749193779345, parent_is_seed = False
using the SAVED construction (70 points): exact, no re-execution
verifier computes  C5 = 0.380917492  over 70 points
recorded raw_score = 0.380917492   |diff| = 0.00e+00   (replay reproduced it)
wrote /home/ubuntu/TTT-small/runs/erdos_Qwen3.8-27B_1009-0116/erdos_solution.png and /home/ubuntu/TTT-small/runs/erdos_Qwen3.8-27B_1009-0116/erdos_solution.pdf

=== completed step 1: plot_erdos_best_curve.py ===
read 676 valid rollouts across steps 0-1
best C₅ bound = 0.380917492 by step 1
wrote /home/ubuntu/TTT-small/runs/erdos_Qwen3.8-27B_1009-0116/best_so_far.png and /home/ubuntu/TTT-small/runs/erdos_Qwen3.8-27B_1009-0116/best_so_far.pdf

=== completed step 2: plot_erdos.py ===
selected step 2 group 1 rollout 12: recorded raw_score = 0.38091731245267746, parent_is_seed = False
using the SAVED construction (70 points): exact, no re-execution
verifier computes  C5 = 0.380917312  over 70 points
recorded raw_score = 0.380917312   |diff| = 0.00e+00   (replay reproduced it)
wrote /home/ubuntu/TTT-small/runs/erdos_Qwen3.8-27B_1009-0116/erdos_solution.png and /home/ubuntu/TTT-small/runs/erdos_Qwen3.8-27B_1009-0116/erdos_solution.pdf

=== completed step 2: plot_erdos_best_curve.py ===
read 1015 valid rollouts across steps 0-2
best C₅ bound = 0.380917312 by step 2
wrote /home/ubuntu/TTT-small/runs/erdos_Qwen3.8-27B_1009-0116/best_so_far.png and /home/ubuntu/TTT-small/runs/erdos_Qwen3.8-27B_1009-0116/best_so_far.pdf

=== completed step 3: plot_erdos.py ===
selected step 3 group 5 rollout 47: recorded raw_score = 0.3809032532977773, parent_is_seed = False
using the SAVED construction (140 points): exact, no re-execution
verifier computes  C5 = 0.380903253  over 140 points
recorded raw_score = 0.380903253   |diff| = 0.00e+00   (replay reproduced it)
wrote /home/ubuntu/TTT-small/runs/erdos_Qwen3.8-27B_1009-0116/erdos_solution.png and /home/ubuntu/TTT-small/runs/erdos_Qwen3.8-27B_1009-0116/erdos_solution.pdf

=== completed step 3: plot_erdos_best_curve.py ===
read 1351 valid rollouts across steps 0-3
best C₅ bound = 0.380903253 by step 3
wrote /home/ubuntu/TTT-small/runs/erdos_Qwen3.8-27B_1009-0116/best_so_far.png and /home/ubuntu/TTT-small/runs/erdos_Qwen3.8-27B_1009-0116/best_so_far.pdf
