
=== completed step 0: plot_erdos.py ===
selected step 0 group 3 rollout 2: recorded raw_score = 0.38423600813469005, parent_is_seed = True
using the SAVED construction (140 points): exact, no re-execution
verifier computes  C5 = 0.384236008  over 140 points
recorded raw_score = 0.384236008   |diff| = 0.00e+00   (replay reproduced it)
wrote /home/ubuntu/TTT-small/runs/erdos_Qwen3-8B_1007-2324/erdos_solution.png and /home/ubuntu/TTT-small/runs/erdos_Qwen3-8B_1007-2324/erdos_solution.pdf

=== completed step 0: plot_erdos_best_curve.py ===
read 91 valid rollouts across steps 0-0
best C₅ bound = 0.384236008 by step 0
wrote /home/ubuntu/TTT-small/runs/erdos_Qwen3-8B_1007-2324/best_so_far.png and /home/ubuntu/TTT-small/runs/erdos_Qwen3-8B_1007-2324/best_so_far.pdf

=== completed step 1: plot_erdos.py ===
selected step 1 group 1 rollout 16: recorded raw_score = 0.38246526538739617, parent_is_seed = False
using the SAVED construction (280 points): exact, no re-execution
verifier computes  C5 = 0.382465265  over 280 points
recorded raw_score = 0.382465265   |diff| = 0.00e+00   (replay reproduced it)
wrote /home/ubuntu/TTT-small/runs/erdos_Qwen3-8B_1007-2324/erdos_solution.png and /home/ubuntu/TTT-small/runs/erdos_Qwen3-8B_1007-2324/erdos_solution.pdf

=== completed step 1: plot_erdos_best_curve.py ===
read 155 valid rollouts across steps 0-1
best C₅ bound = 0.382465265 by step 1
wrote /home/ubuntu/TTT-small/runs/erdos_Qwen3-8B_1007-2324/best_so_far.png and /home/ubuntu/TTT-small/runs/erdos_Qwen3-8B_1007-2324/best_so_far.pdf

=== completed step 2: plot_erdos.py ===
selected step 2 group 0 rollout 33: recorded raw_score = 0.3819547883310617, parent_is_seed = False
using the SAVED construction (140 points): exact, no re-execution
verifier computes  C5 = 0.381954788  over 140 points
recorded raw_score = 0.381954788   |diff| = 0.00e+00   (replay reproduced it)
wrote /home/ubuntu/TTT-small/runs/erdos_Qwen3-8B_1007-2324/erdos_solution.png and /home/ubuntu/TTT-small/runs/erdos_Qwen3-8B_1007-2324/erdos_solution.pdf

=== completed step 2: plot_erdos_best_curve.py ===
read 219 valid rollouts across steps 0-2
best C₅ bound = 0.381954788 by step 2
wrote /home/ubuntu/TTT-small/runs/erdos_Qwen3-8B_1007-2324/best_so_far.png and /home/ubuntu/TTT-small/runs/erdos_Qwen3-8B_1007-2324/best_so_far.pdf

=== completed step 3: plot_erdos.py ===
selected step 3 group 1 rollout 7: recorded raw_score = 0.3817155600750577, parent_is_seed = False
using the SAVED construction (280 points): exact, no re-execution
verifier computes  C5 = 0.381715560  over 280 points
recorded raw_score = 0.381715560   |diff| = 0.00e+00   (replay reproduced it)
wrote /home/ubuntu/TTT-small/runs/erdos_Qwen3-8B_1007-2324/erdos_solution.png and /home/ubuntu/TTT-small/runs/erdos_Qwen3-8B_1007-2324/erdos_solution.pdf

=== completed step 3: plot_erdos_best_curve.py ===
read 291 valid rollouts across steps 0-3
best C₅ bound = 0.381715560 by step 3
wrote /home/ubuntu/TTT-small/runs/erdos_Qwen3-8B_1007-2324/best_so_far.png and /home/ubuntu/TTT-small/runs/erdos_Qwen3-8B_1007-2324/best_so_far.pdf

=== completed step 4: plot_erdos.py ===
selected step 4 group 0 rollout 14: recorded raw_score = 0.3815142255492144, parent_is_seed = False
using the SAVED construction (280 points): exact, no re-execution
verifier computes  C5 = 0.381514226  over 280 points
recorded raw_score = 0.381514226   |diff| = 0.00e+00   (replay reproduced it)
wrote /home/ubuntu/TTT-small/runs/erdos_Qwen3-8B_1007-2324/erdos_solution.png and /home/ubuntu/TTT-small/runs/erdos_Qwen3-8B_1007-2324/erdos_solution.pdf

=== completed step 4: plot_erdos_best_curve.py ===
read 340 valid rollouts across steps 0-4
best C₅ bound = 0.381514226 by step 4
wrote /home/ubuntu/TTT-small/runs/erdos_Qwen3-8B_1007-2324/best_so_far.png and /home/ubuntu/TTT-small/runs/erdos_Qwen3-8B_1007-2324/best_so_far.pdf

=== completed step 5: plot_erdos.py ===
selected step 5 group 0 rollout 41: recorded raw_score = 0.3814204966175561, parent_is_seed = False
using the SAVED construction (280 points): exact, no re-execution
verifier computes  C5 = 0.381420497  over 280 points
recorded raw_score = 0.381420497   |diff| = 0.00e+00   (replay reproduced it)
wrote /home/ubuntu/TTT-small/runs/erdos_Qwen3-8B_1007-2324/erdos_solution.png and /home/ubuntu/TTT-small/runs/erdos_Qwen3-8B_1007-2324/erdos_solution.pdf

=== completed step 5: plot_erdos_best_curve.py ===
read 425 valid rollouts across steps 0-5
best C₅ bound = 0.381420497 by step 5
wrote /home/ubuntu/TTT-small/runs/erdos_Qwen3-8B_1007-2324/best_so_far.png and /home/ubuntu/TTT-small/runs/erdos_Qwen3-8B_1007-2324/best_so_far.pdf

=== completed step 6: plot_erdos.py ===
selected step 6 group 1 rollout 2: recorded raw_score = 0.38137533452786887, parent_is_seed = False
using the SAVED construction (280 points): exact, no re-execution
verifier computes  C5 = 0.381375335  over 280 points
recorded raw_score = 0.381375335   |diff| = 0.00e+00   (replay reproduced it)
wrote /home/ubuntu/TTT-small/runs/erdos_Qwen3-8B_1007-2324/erdos_solution.png and /home/ubuntu/TTT-small/runs/erdos_Qwen3-8B_1007-2324/erdos_solution.pdf

=== completed step 6: plot_erdos_best_curve.py ===
read 500 valid rollouts across steps 0-6
best C₅ bound = 0.381375335 by step 6
wrote /home/ubuntu/TTT-small/runs/erdos_Qwen3-8B_1007-2324/best_so_far.png and /home/ubuntu/TTT-small/runs/erdos_Qwen3-8B_1007-2324/best_so_far.pdf

=== completed step 7: plot_erdos.py ===
selected step 7 group 0 rollout 45: recorded raw_score = 0.38129383954684787, parent_is_seed = False
using the SAVED construction (280 points): exact, no re-execution
verifier computes  C5 = 0.381293840  over 280 points
recorded raw_score = 0.381293840   |diff| = 0.00e+00   (replay reproduced it)
wrote /home/ubuntu/TTT-small/runs/erdos_Qwen3-8B_1007-2324/erdos_solution.png and /home/ubuntu/TTT-small/runs/erdos_Qwen3-8B_1007-2324/erdos_solution.pdf

=== completed step 7: plot_erdos_best_curve.py ===
read 570 valid rollouts across steps 0-7
best C₅ bound = 0.381293840 by step 7
wrote /home/ubuntu/TTT-small/runs/erdos_Qwen3-8B_1007-2324/best_so_far.png and /home/ubuntu/TTT-small/runs/erdos_Qwen3-8B_1007-2324/best_so_far.pdf

=== completed step 8: plot_erdos.py ===
selected step 8 group 0 rollout 30: recorded raw_score = 0.3812769209604437, parent_is_seed = False
using the SAVED construction (280 points): exact, no re-execution
verifier computes  C5 = 0.381276921  over 280 points
recorded raw_score = 0.381276921   |diff| = 0.00e+00   (replay reproduced it)
wrote /home/ubuntu/TTT-small/runs/erdos_Qwen3-8B_1007-2324/erdos_solution.png and /home/ubuntu/TTT-small/runs/erdos_Qwen3-8B_1007-2324/erdos_solution.pdf

=== completed step 8: plot_erdos_best_curve.py ===
read 632 valid rollouts across steps 0-8
best C₅ bound = 0.381276921 by step 8
wrote /home/ubuntu/TTT-small/runs/erdos_Qwen3-8B_1007-2324/best_so_far.png and /home/ubuntu/TTT-small/runs/erdos_Qwen3-8B_1007-2324/best_so_far.pdf

=== completed step 9: plot_erdos.py ===
selected step 8 group 0 rollout 30: recorded raw_score = 0.3812769209604437, parent_is_seed = False
using the SAVED construction (280 points): exact, no re-execution
verifier computes  C5 = 0.381276921  over 280 points
recorded raw_score = 0.381276921   |diff| = 0.00e+00   (replay reproduced it)
wrote /home/ubuntu/TTT-small/runs/erdos_Qwen3-8B_1007-2324/erdos_solution.png and /home/ubuntu/TTT-small/runs/erdos_Qwen3-8B_1007-2324/erdos_solution.pdf

=== completed step 9: plot_erdos_best_curve.py ===
read 685 valid rollouts across steps 0-9
best C₅ bound = 0.381276921 by step 8
wrote /home/ubuntu/TTT-small/runs/erdos_Qwen3-8B_1007-2324/best_so_far.png and /home/ubuntu/TTT-small/runs/erdos_Qwen3-8B_1007-2324/best_so_far.pdf

=== completed step 10: plot_erdos.py ===
selected step 10 group 1 rollout 24: recorded raw_score = 0.3812769209604336, parent_is_seed = False
using the SAVED construction (280 points): exact, no re-execution
verifier computes  C5 = 0.381276921  over 280 points
recorded raw_score = 0.381276921   |diff| = 0.00e+00   (replay reproduced it)
wrote /home/ubuntu/TTT-small/runs/erdos_Qwen3-8B_1007-2324/erdos_solution.png and /home/ubuntu/TTT-small/runs/erdos_Qwen3-8B_1007-2324/erdos_solution.pdf

=== completed step 10: plot_erdos_best_curve.py ===
read 740 valid rollouts across steps 0-10
best C₅ bound = 0.381276921 by step 8
wrote /home/ubuntu/TTT-small/runs/erdos_Qwen3-8B_1007-2324/best_so_far.png and /home/ubuntu/TTT-small/runs/erdos_Qwen3-8B_1007-2324/best_so_far.pdf

=== completed step 11: plot_erdos.py ===
selected step 11 group 3 rollout 8: recorded raw_score = 0.3812767691771432, parent_is_seed = False
using the SAVED construction (280 points): exact, no re-execution
verifier computes  C5 = 0.381276769  over 280 points
recorded raw_score = 0.381276769   |diff| = 0.00e+00   (replay reproduced it)
wrote /home/ubuntu/TTT-small/runs/erdos_Qwen3-8B_1007-2324/erdos_solution.png and /home/ubuntu/TTT-small/runs/erdos_Qwen3-8B_1007-2324/erdos_solution.pdf

=== completed step 11: plot_erdos_best_curve.py ===
read 790 valid rollouts across steps 0-11
best C₅ bound = 0.381276769 by step 11
wrote /home/ubuntu/TTT-small/runs/erdos_Qwen3-8B_1007-2324/best_so_far.png and /home/ubuntu/TTT-small/runs/erdos_Qwen3-8B_1007-2324/best_so_far.pdf

=== completed step 12: plot_erdos.py ===
selected step 12 group 0 rollout 33: recorded raw_score = 0.3812480956868049, parent_is_seed = False
using the SAVED construction (60 points): exact, no re-execution
verifier computes  C5 = 0.381248096  over 60 points
recorded raw_score = 0.381248096   |diff| = 0.00e+00   (replay reproduced it)
wrote /home/ubuntu/TTT-small/runs/erdos_Qwen3-8B_1007-2324/erdos_solution.png and /home/ubuntu/TTT-small/runs/erdos_Qwen3-8B_1007-2324/erdos_solution.pdf

=== completed step 12: plot_erdos_best_curve.py ===
read 826 valid rollouts across steps 0-12
best C₅ bound = 0.381248096 by step 12
wrote /home/ubuntu/TTT-small/runs/erdos_Qwen3-8B_1007-2324/best_so_far.png and /home/ubuntu/TTT-small/runs/erdos_Qwen3-8B_1007-2324/best_so_far.pdf

=== completed step 13: plot_erdos.py ===
selected step 13 group 0 rollout 46: recorded raw_score = 0.38124527425340454, parent_is_seed = False
using the SAVED construction (60 points): exact, no re-execution
verifier computes  C5 = 0.381245274  over 60 points
recorded raw_score = 0.381245274   |diff| = 0.00e+00   (replay reproduced it)
wrote /home/ubuntu/TTT-small/runs/erdos_Qwen3-8B_1007-2324/erdos_solution.png and /home/ubuntu/TTT-small/runs/erdos_Qwen3-8B_1007-2324/erdos_solution.pdf

=== completed step 13: plot_erdos_best_curve.py ===
read 885 valid rollouts across steps 0-13
best C₅ bound = 0.381245274 by step 13
wrote /home/ubuntu/TTT-small/runs/erdos_Qwen3-8B_1007-2324/best_so_far.png and /home/ubuntu/TTT-small/runs/erdos_Qwen3-8B_1007-2324/best_so_far.pdf

=== completed step 14: plot_erdos.py ===
selected step 13 group 0 rollout 46: recorded raw_score = 0.38124527425340454, parent_is_seed = False
using the SAVED construction (60 points): exact, no re-execution
verifier computes  C5 = 0.381245274  over 60 points
recorded raw_score = 0.381245274   |diff| = 0.00e+00   (replay reproduced it)
wrote /home/ubuntu/TTT-small/runs/erdos_Qwen3-8B_1007-2324/erdos_solution.png and /home/ubuntu/TTT-small/runs/erdos_Qwen3-8B_1007-2324/erdos_solution.pdf

=== completed step 14: plot_erdos_best_curve.py ===
read 950 valid rollouts across steps 0-14
best C₅ bound = 0.381245274 by step 13
wrote /home/ubuntu/TTT-small/runs/erdos_Qwen3-8B_1007-2324/best_so_far.png and /home/ubuntu/TTT-small/runs/erdos_Qwen3-8B_1007-2324/best_so_far.pdf

=== completed step 15: plot_erdos.py ===
selected step 15 group 1 rollout 31: recorded raw_score = 0.38124527187713914, parent_is_seed = False
using the SAVED construction (60 points): exact, no re-execution
verifier computes  C5 = 0.381245272  over 60 points
recorded raw_score = 0.381245272   |diff| = 0.00e+00   (replay reproduced it)
wrote /home/ubuntu/TTT-small/runs/erdos_Qwen3-8B_1007-2324/erdos_solution.png and /home/ubuntu/TTT-small/runs/erdos_Qwen3-8B_1007-2324/erdos_solution.pdf

=== completed step 15: plot_erdos_best_curve.py ===
read 983 valid rollouts across steps 0-15
best C₅ bound = 0.381245272 by step 15
wrote /home/ubuntu/TTT-small/runs/erdos_Qwen3-8B_1007-2324/best_so_far.png and /home/ubuntu/TTT-small/runs/erdos_Qwen3-8B_1007-2324/best_so_far.pdf

=== completed step 16: plot_erdos.py ===
selected step 16 group 0 rollout 21: recorded raw_score = 0.38124515700775147, parent_is_seed = False
using the SAVED construction (60 points): exact, no re-execution
verifier computes  C5 = 0.381245157  over 60 points
recorded raw_score = 0.381245157   |diff| = 0.00e+00   (replay reproduced it)
wrote /home/ubuntu/TTT-small/runs/erdos_Qwen3-8B_1007-2324/erdos_solution.png and /home/ubuntu/TTT-small/runs/erdos_Qwen3-8B_1007-2324/erdos_solution.pdf

=== completed step 16: plot_erdos_best_curve.py ===
read 1035 valid rollouts across steps 0-16
best C₅ bound = 0.381245157 by step 16
wrote /home/ubuntu/TTT-small/runs/erdos_Qwen3-8B_1007-2324/best_so_far.png and /home/ubuntu/TTT-small/runs/erdos_Qwen3-8B_1007-2324/best_so_far.pdf

=== completed step 17: plot_erdos.py ===
selected step 17 group 3 rollout 17: recorded raw_score = 0.3812447873097461, parent_is_seed = False
using the SAVED construction (60 points): exact, no re-execution
verifier computes  C5 = 0.381244787  over 60 points
recorded raw_score = 0.381244787   |diff| = 0.00e+00   (replay reproduced it)
wrote /home/ubuntu/TTT-small/runs/erdos_Qwen3-8B_1007-2324/erdos_solution.png and /home/ubuntu/TTT-small/runs/erdos_Qwen3-8B_1007-2324/erdos_solution.pdf

=== completed step 17: plot_erdos_best_curve.py ===
read 1074 valid rollouts across steps 0-17
best C₅ bound = 0.381244787 by step 17
wrote /home/ubuntu/TTT-small/runs/erdos_Qwen3-8B_1007-2324/best_so_far.png and /home/ubuntu/TTT-small/runs/erdos_Qwen3-8B_1007-2324/best_so_far.pdf
