This is pdfTeX, Version 3.141592653-2.6-1.40.25 (TeX Live 2023) (preloaded format=pdflatex 2023.10.25)  25 AUG 2026 17:49
entering extended mode
 restricted \write18 enabled.
 %&-line parsing enabled.
**report.tex
(./report.tex
LaTeX2e <2022-11-01> patch level 1
L3 programming layer <2023-02-22>
(/usr/local/texlive/2023/texmf-dist/tex/latex/beamer/beamer.cls
Document Class: beamer 2023/02/20 v3.69 A class for typesetting presentations
(/usr/local/texlive/2023/texmf-dist/tex/latex/beamer/beamerbasemodes.sty
(/usr/local/texlive/2023/texmf-dist/tex/latex/etoolbox/etoolbox.sty
Package: etoolbox 2020/10/05 v2.5k e-TeX tools for LaTeX (JAW)
\etb@tempcnta=\count185
)
\beamer@tempbox=\box51
\beamer@tempcount=\count186
\c@beamerpauses=\count187

(/usr/local/texlive/2023/texmf-dist/tex/latex/beamer/beamerbasedecode.sty
\beamer@slideinframe=\count188
\beamer@minimum=\count189
\beamer@decode@box=\box52
)
\beamer@commentbox=\box53
\beamer@modecount=\count190
)
(/usr/local/texlive/2023/texmf-dist/tex/generic/iftex/iftex.sty
Package: iftex 2022/02/03 v1.0f TeX engine tests
)
\headdp=\dimen140
\footheight=\dimen141
\sidebarheight=\dimen142
\beamer@tempdim=\dimen143
\beamer@finalheight=\dimen144
\beamer@animht=\dimen145
\beamer@animdp=\dimen146
\beamer@animwd=\dimen147
\beamer@leftmargin=\dimen148
\beamer@rightmargin=\dimen149
\beamer@leftsidebar=\dimen150
\beamer@rightsidebar=\dimen151
\beamer@boxsize=\dimen152
\beamer@vboxoffset=\dimen153
\beamer@descdefault=\dimen154
\beamer@descriptionwidth=\dimen155
\beamer@lastskip=\skip48
\beamer@areabox=\box54
\beamer@animcurrent=\box55
\beamer@animshowbox=\box56
\beamer@sectionbox=\box57
\beamer@logobox=\box58
\beamer@linebox=\box59
\beamer@sectioncount=\count191
\beamer@subsubsectionmax=\count192
\beamer@subsectionmax=\count193
\beamer@sectionmax=\count194
\beamer@totalheads=\count195
\beamer@headcounter=\count196
\beamer@partstartpage=\count197
\beamer@sectionstartpage=\count198
\beamer@subsectionstartpage=\count199
\beamer@animationtempa=\count266
\beamer@animationtempb=\count267
\beamer@xpos=\count268
\beamer@ypos=\count269
\beamer@ypos@offset=\count270
\beamer@showpartnumber=\count271
\beamer@currentsubsection=\count272
\beamer@coveringdepth=\count273
\beamer@sectionadjust=\count274
\beamer@toclastsection=\count275
\beamer@tocsectionnumber=\count276

(/usr/local/texlive/2023/texmf-dist/tex/latex/beamer/beamerbaseoptions.sty
(/usr/local/texlive/2023/texmf-dist/tex/latex/graphics/keyval.sty
Package: keyval 2022/05/29 v1.15 key=value parser (DPC)
\KV@toks@=\toks16
))
\beamer@paperwidth=\skip49
\beamer@paperheight=\skip50

(/usr/local/texlive/2023/texmf-dist/tex/latex/geometry/geometry.sty
Package: geometry 2020/01/02 v5.9 Page Geometry

(/usr/local/texlive/2023/texmf-dist/tex/generic/iftex/ifvtex.sty
Package: ifvtex 2019/10/25 v1.7 ifvtex legacy package. Use iftex instead.
)
\Gm@cnth=\count277
\Gm@cntv=\count278
\c@Gm@tempcnt=\count279
\Gm@bindingoffset=\dimen156
\Gm@wd@mp=\dimen157
\Gm@odd@mp=\dimen158
\Gm@even@mp=\dimen159
\Gm@layoutwidth=\dimen160
\Gm@layoutheight=\dimen161
\Gm@layouthoffset=\dimen162
\Gm@layoutvoffset=\dimen163
\Gm@dimlist=\toks17
)
(/usr/local/texlive/2023/texmf-dist/tex/latex/pgf/math/pgfmath.sty
(/usr/local/texlive/2023/texmf-dist/tex/latex/pgf/utilities/pgfrcs.sty
(/usr/local/texlive/2023/texmf-dist/tex/generic/pgf/utilities/pgfutil-common.te
x
\pgfutil@everybye=\toks18
\pgfutil@tempdima=\dimen164
\pgfutil@tempdimb=\dimen165
)
(/usr/local/texlive/2023/texmf-dist/tex/generic/pgf/utilities/pgfutil-latex.def
\pgfutil@abb=\box60
) (/usr/local/texlive/2023/texmf-dist/tex/generic/pgf/utilities/pgfrcs.code.tex
(/usr/local/texlive/2023/texmf-dist/tex/generic/pgf/pgf.revision.tex)
Package: pgfrcs 2023-01-15 v3.1.10 (3.1.10)
))
(/usr/local/texlive/2023/texmf-dist/tex/latex/pgf/utilities/pgfkeys.sty
(/usr/local/texlive/2023/texmf-dist/tex/generic/pgf/utilities/pgfkeys.code.tex
\pgfkeys@pathtoks=\toks19
\pgfkeys@temptoks=\toks20

(/usr/local/texlive/2023/texmf-dist/tex/generic/pgf/utilities/pgfkeyslibraryfil
tered.code.tex
\pgfkeys@tmptoks=\toks21
)))
(/usr/local/texlive/2023/texmf-dist/tex/generic/pgf/math/pgfmath.code.tex
(/usr/local/texlive/2023/texmf-dist/tex/generic/pgf/math/pgfmathutil.code.tex
\pgf@x=\dimen166
\pgf@xa=\dimen167
\pgf@xb=\dimen168
\pgf@xc=\dimen169
\pgf@y=\dimen170
\pgf@ya=\dimen171
\pgf@yb=\dimen172
\pgf@yc=\dimen173
\c@pgf@counta=\count280
\c@pgf@countb=\count281
\c@pgf@countc=\count282
\c@pgf@countd=\count283
)
(/usr/local/texlive/2023/texmf-dist/tex/generic/pgf/math/pgfmathparser.code.tex
\pgfmath@dimen=\dimen174
\pgfmath@count=\count284
\pgfmath@box=\box61
\pgfmath@toks=\toks22
\pgfmath@stack@operand=\toks23
\pgfmath@stack@operation=\toks24
)
(/usr/local/texlive/2023/texmf-dist/tex/generic/pgf/math/pgfmathfunctions.code.
tex)
(/usr/local/texlive/2023/texmf-dist/tex/generic/pgf/math/pgfmathfunctions.basic
.code.tex)
(/usr/local/texlive/2023/texmf-dist/tex/generic/pgf/math/pgfmathfunctions.trigo
nometric.code.tex)
(/usr/local/texlive/2023/texmf-dist/tex/generic/pgf/math/pgfmathfunctions.rando
m.code.tex)
(/usr/local/texlive/2023/texmf-dist/tex/generic/pgf/math/pgfmathfunctions.compa
rison.code.tex)
(/usr/local/texlive/2023/texmf-dist/tex/generic/pgf/math/pgfmathfunctions.base.
code.tex)
(/usr/local/texlive/2023/texmf-dist/tex/generic/pgf/math/pgfmathfunctions.round
.code.tex)
(/usr/local/texlive/2023/texmf-dist/tex/generic/pgf/math/pgfmathfunctions.misc.
code.tex)
(/usr/local/texlive/2023/texmf-dist/tex/generic/pgf/math/pgfmathfunctions.integ
erarithmetics.code.tex)
(/usr/local/texlive/2023/texmf-dist/tex/generic/pgf/math/pgfmathcalc.code.tex)
(/usr/local/texlive/2023/texmf-dist/tex/generic/pgf/math/pgfmathfloat.code.tex
\c@pgfmathroundto@lastzeros=\count285
))) (/usr/local/texlive/2023/texmf-dist/tex/latex/base/size11.clo
File: size11.clo 2022/07/02 v1.4n Standard LaTeX file (size option)
)
(/usr/local/texlive/2023/texmf-dist/tex/latex/pgf/basiclayer/pgfcore.sty
(/usr/local/texlive/2023/texmf-dist/tex/latex/graphics/graphicx.sty
Package: graphicx 2021/09/16 v1.2d Enhanced LaTeX Graphics (DPC,SPQR)

(/usr/local/texlive/2023/texmf-dist/tex/latex/graphics/graphics.sty
Package: graphics 2022/03/10 v1.4e Standard LaTeX Graphics (DPC,SPQR)

(/usr/local/texlive/2023/texmf-dist/tex/latex/graphics/trig.sty
Package: trig 2021/08/11 v1.11 sin cos tan (DPC)
)
(/usr/local/texlive/2023/texmf-dist/tex/latex/graphics-cfg/graphics.cfg
File: graphics.cfg 2016/06/04 v1.11 sample graphics configuration
)
Package graphics Info: Driver file: pdftex.def on input line 107.

(/usr/local/texlive/2023/texmf-dist/tex/latex/graphics-def/pdftex.def
File: pdftex.def 2022/09/22 v1.2b Graphics/color driver for pdftex
))
\Gin@req@height=\dimen175
\Gin@req@width=\dimen176
)
(/usr/local/texlive/2023/texmf-dist/tex/latex/pgf/systemlayer/pgfsys.sty
(/usr/local/texlive/2023/texmf-dist/tex/generic/pgf/systemlayer/pgfsys.code.tex
Package: pgfsys 2023-01-15 v3.1.10 (3.1.10)
\pgf@x=\dimen177
\pgf@y=\dimen178
\pgf@xa=\dimen179
\pgf@ya=\dimen180
\pgf@xb=\dimen181
\pgf@yb=\dimen182
\pgf@xc=\dimen183
\pgf@yc=\dimen184
\pgf@xd=\dimen185
\pgf@yd=\dimen186
\w@pgf@writea=\write3
\r@pgf@reada=\read2
\c@pgf@counta=\count286
\c@pgf@countb=\count287
\c@pgf@countc=\count288
\c@pgf@countd=\count289
\t@pgf@toka=\toks25
\t@pgf@tokb=\toks26
\t@pgf@tokc=\toks27
\pgf@sys@id@count=\count290
(/usr/local/texlive/2023/texmf-dist/tex/generic/pgf/systemlayer/pgf.cfg
File: pgf.cfg 2023-01-15 v3.1.10 (3.1.10)
)
Driver file for pgf: pgfsys-pdftex.def

(/usr/local/texlive/2023/texmf-dist/tex/generic/pgf/systemlayer/pgfsys-pdftex.d
ef
File: pgfsys-pdftex.def 2023-01-15 v3.1.10 (3.1.10)

(/usr/local/texlive/2023/texmf-dist/tex/generic/pgf/systemlayer/pgfsys-common-p
df.def
File: pgfsys-common-pdf.def 2023-01-15 v3.1.10 (3.1.10)
)))
(/usr/local/texlive/2023/texmf-dist/tex/generic/pgf/systemlayer/pgfsyssoftpath.
code.tex
File: pgfsyssoftpath.code.tex 2023-01-15 v3.1.10 (3.1.10)
\pgfsyssoftpath@smallbuffer@items=\count291
\pgfsyssoftpath@bigbuffer@items=\count292
)
(/usr/local/texlive/2023/texmf-dist/tex/generic/pgf/systemlayer/pgfsysprotocol.
code.tex
File: pgfsysprotocol.code.tex 2023-01-15 v3.1.10 (3.1.10)
)) (/usr/local/texlive/2023/texmf-dist/tex/latex/xcolor/xcolor.sty
Package: xcolor 2022/06/12 v2.14 LaTeX color extensions (UK)

(/usr/local/texlive/2023/texmf-dist/tex/latex/graphics-cfg/color.cfg
File: color.cfg 2016/01/02 v1.6 sample color configuration
)
Package xcolor Info: Driver file: pdftex.def on input line 227.

(/usr/local/texlive/2023/texmf-dist/tex/latex/graphics/mathcolor.ltx)
Package xcolor Info: Model `cmy' substituted by `cmy0' on input line 1353.
Package xcolor Info: Model `hsb' substituted by `rgb' on input line 1357.
Package xcolor Info: Model `RGB' extended on input line 1369.
Package xcolor Info: Model `HTML' substituted by `rgb' on input line 1371.
Package xcolor Info: Model `Hsb' substituted by `hsb' on input line 1372.
Package xcolor Info: Model `tHsb' substituted by `hsb' on input line 1373.
Package xcolor Info: Model `HSB' substituted by `hsb' on input line 1374.
Package xcolor Info: Model `Gray' substituted by `gray' on input line 1375.
Package xcolor Info: Model `wave' substituted by `hsb' on input line 1376.
)
(/usr/local/texlive/2023/texmf-dist/tex/generic/pgf/basiclayer/pgfcore.code.tex
Package: pgfcore 2023-01-15 v3.1.10 (3.1.10)
(/usr/local/texlive/2023/texmf-dist/tex/generic/pgf/math/pgfint.code.tex)
(/usr/local/texlive/2023/texmf-dist/tex/generic/pgf/basiclayer/pgfcorepoints.co
de.tex
File: pgfcorepoints.code.tex 2023-01-15 v3.1.10 (3.1.10)
\pgf@picminx=\dimen187
\pgf@picmaxx=\dimen188
\pgf@picminy=\dimen189
\pgf@picmaxy=\dimen190
\pgf@pathminx=\dimen191
\pgf@pathmaxx=\dimen192
\pgf@pathminy=\dimen193
\pgf@pathmaxy=\dimen194
\pgf@xx=\dimen195
\pgf@xy=\dimen196
\pgf@yx=\dimen197
\pgf@yy=\dimen198
\pgf@zx=\dimen199
\pgf@zy=\dimen256
)
(/usr/local/texlive/2023/texmf-dist/tex/generic/pgf/basiclayer/pgfcorepathconst
ruct.code.tex
File: pgfcorepathconstruct.code.tex 2023-01-15 v3.1.10 (3.1.10)
\pgf@path@lastx=\dimen257
\pgf@path@lasty=\dimen258
)
(/usr/local/texlive/2023/texmf-dist/tex/generic/pgf/basiclayer/pgfcorepathusage
.code.tex
File: pgfcorepathusage.code.tex 2023-01-15 v3.1.10 (3.1.10)
\pgf@shorten@end@additional=\dimen259
\pgf@shorten@start@additional=\dimen260
)
(/usr/local/texlive/2023/texmf-dist/tex/generic/pgf/basiclayer/pgfcorescopes.co
de.tex
File: pgfcorescopes.code.tex 2023-01-15 v3.1.10 (3.1.10)
\pgfpic=\box62
\pgf@hbox=\box63
\pgf@layerbox@main=\box64
\pgf@picture@serial@count=\count293
)
(/usr/local/texlive/2023/texmf-dist/tex/generic/pgf/basiclayer/pgfcoregraphicst
ate.code.tex
File: pgfcoregraphicstate.code.tex 2023-01-15 v3.1.10 (3.1.10)
\pgflinewidth=\dimen261
)
(/usr/local/texlive/2023/texmf-dist/tex/generic/pgf/basiclayer/pgfcoretransform
ations.code.tex
File: pgfcoretransformations.code.tex 2023-01-15 v3.1.10 (3.1.10)
\pgf@pt@x=\dimen262
\pgf@pt@y=\dimen263
\pgf@pt@temp=\dimen264
)
(/usr/local/texlive/2023/texmf-dist/tex/generic/pgf/basiclayer/pgfcorequick.cod
e.tex
File: pgfcorequick.code.tex 2023-01-15 v3.1.10 (3.1.10)
)
(/usr/local/texlive/2023/texmf-dist/tex/generic/pgf/basiclayer/pgfcoreobjects.c
ode.tex
File: pgfcoreobjects.code.tex 2023-01-15 v3.1.10 (3.1.10)
)
(/usr/local/texlive/2023/texmf-dist/tex/generic/pgf/basiclayer/pgfcorepathproce
ssing.code.tex
File: pgfcorepathprocessing.code.tex 2023-01-15 v3.1.10 (3.1.10)
)
(/usr/local/texlive/2023/texmf-dist/tex/generic/pgf/basiclayer/pgfcorearrows.co
de.tex
File: pgfcorearrows.code.tex 2023-01-15 v3.1.10 (3.1.10)
\pgfarrowsep=\dimen265
)
(/usr/local/texlive/2023/texmf-dist/tex/generic/pgf/basiclayer/pgfcoreshade.cod
e.tex
File: pgfcoreshade.code.tex 2023-01-15 v3.1.10 (3.1.10)
\pgf@max=\dimen266
\pgf@sys@shading@range@num=\count294
\pgf@shadingcount=\count295
)
(/usr/local/texlive/2023/texmf-dist/tex/generic/pgf/basiclayer/pgfcoreimage.cod
e.tex
File: pgfcoreimage.code.tex 2023-01-15 v3.1.10 (3.1.10)
)
(/usr/local/texlive/2023/texmf-dist/tex/generic/pgf/basiclayer/pgfcoreexternal.
code.tex
File: pgfcoreexternal.code.tex 2023-01-15 v3.1.10 (3.1.10)
\pgfexternal@startupbox=\box65
)
(/usr/local/texlive/2023/texmf-dist/tex/generic/pgf/basiclayer/pgfcorelayers.co
de.tex
File: pgfcorelayers.code.tex 2023-01-15 v3.1.10 (3.1.10)
)
(/usr/local/texlive/2023/texmf-dist/tex/generic/pgf/basiclayer/pgfcoretranspare
ncy.code.tex
File: pgfcoretransparency.code.tex 2023-01-15 v3.1.10 (3.1.10)
)
(/usr/local/texlive/2023/texmf-dist/tex/generic/pgf/basiclayer/pgfcorepatterns.
code.tex
File: pgfcorepatterns.code.tex 2023-01-15 v3.1.10 (3.1.10)
)
(/usr/local/texlive/2023/texmf-dist/tex/generic/pgf/basiclayer/pgfcorerdf.code.
tex
File: pgfcorerdf.code.tex 2023-01-15 v3.1.10 (3.1.10)
))) (/usr/local/texlive/2023/texmf-dist/tex/latex/pgf/utilities/xxcolor.sty
Package: xxcolor 2003/10/24 ver 0.1
\XC@nummixins=\count296
\XC@countmixins=\count297
) (/usr/local/texlive/2023/texmf-dist/tex/latex/base/atbegshi-ltx.sty
Package: atbegshi-ltx 2021/01/10 v1.0c Emulation of the original atbegshi
package with kernel methods
)
(/usr/local/texlive/2023/texmf-dist/tex/latex/hyperref/hyperref.sty
Package: hyperref 2023-02-07 v7.00v Hypertext links for LaTeX

(/usr/local/texlive/2023/texmf-dist/tex/generic/ltxcmds/ltxcmds.sty
Package: ltxcmds 2020-05-10 v1.25 LaTeX kernel commands for general use (HO)
)
(/usr/local/texlive/2023/texmf-dist/tex/generic/pdftexcmds/pdftexcmds.sty
Package: pdftexcmds 2020-06-27 v0.33 Utility functions of pdfTeX for LuaTeX (HO
)

(/usr/local/texlive/2023/texmf-dist/tex/generic/infwarerr/infwarerr.sty
Package: infwarerr 2019/12/03 v1.5 Providing info/warning/error messages (HO)
)
Package pdftexcmds Info: \pdf@primitive is available.
Package pdftexcmds Info: \pdf@ifprimitive is available.
Package pdftexcmds Info: \pdfdraftmode found.
)
(/usr/local/texlive/2023/texmf-dist/tex/latex/kvsetkeys/kvsetkeys.sty
Package: kvsetkeys 2022-10-05 v1.19 Key value parser (HO)
)
(/usr/local/texlive/2023/texmf-dist/tex/generic/kvdefinekeys/kvdefinekeys.sty
Package: kvdefinekeys 2019-12-19 v1.6 Define keys (HO)
)
(/usr/local/texlive/2023/texmf-dist/tex/generic/pdfescape/pdfescape.sty
Package: pdfescape 2019/12/09 v1.15 Implements pdfTeX's escape features (HO)
)
(/usr/local/texlive/2023/texmf-dist/tex/latex/hycolor/hycolor.sty
Package: hycolor 2020-01-27 v1.10 Color options for hyperref/bookmark (HO)
)
(/usr/local/texlive/2023/texmf-dist/tex/latex/letltxmacro/letltxmacro.sty
Package: letltxmacro 2019/12/03 v1.6 Let assignment for LaTeX macros (HO)
)
(/usr/local/texlive/2023/texmf-dist/tex/latex/auxhook/auxhook.sty
Package: auxhook 2019-12-17 v1.6 Hooks for auxiliary files (HO)
)
(/usr/local/texlive/2023/texmf-dist/tex/latex/hyperref/nameref.sty
Package: nameref 2022-05-17 v2.50 Cross-referencing by name of section

(/usr/local/texlive/2023/texmf-dist/tex/latex/refcount/refcount.sty
Package: refcount 2019/12/15 v3.6 Data extraction from label references (HO)
)
(/usr/local/texlive/2023/texmf-dist/tex/generic/gettitlestring/gettitlestring.s
ty
Package: gettitlestring 2019/12/15 v1.6 Cleanup title references (HO)
 (/usr/local/texlive/2023/texmf-dist/tex/latex/kvoptions/kvoptions.sty
Package: kvoptions 2022-06-15 v3.15 Key value format for package options (HO)
))
\c@section@level=\count298
)
\@linkdim=\dimen267
\Hy@linkcounter=\count299
\Hy@pagecounter=\count300

(/usr/local/texlive/2023/texmf-dist/tex/latex/hyperref/pd1enc.def
File: pd1enc.def 2023-02-07 v7.00v Hyperref: PDFDocEncoding definition (HO)
Now handling font encoding PD1 ...
... no UTF-8 mapping file for font encoding PD1
)
(/usr/local/texlive/2023/texmf-dist/tex/generic/intcalc/intcalc.sty
Package: intcalc 2019/12/15 v1.3 Expandable calculations with integers (HO)
)
(/usr/local/texlive/2023/texmf-dist/tex/generic/etexcmds/etexcmds.sty
Package: etexcmds 2019/12/15 v1.7 Avoid name clashes with e-TeX commands (HO)
)
\Hy@SavedSpaceFactor=\count301

(/usr/local/texlive/2023/texmf-dist/tex/latex/hyperref/puenc.def
File: puenc.def 2023-02-07 v7.00v Hyperref: PDF Unicode definition (HO)
Now handling font encoding PU ...
... no UTF-8 mapping file for font encoding PU
)
Package hyperref Info: Option `bookmarks' set `true' on input line 4060.
Package hyperref Info: Option `bookmarksopen' set `true' on input line 4060.
Package hyperref Info: Option `implicit' set `false' on input line 4060.
Package hyperref Info: Hyper figures OFF on input line 4177.
Package hyperref Info: Link nesting OFF on input line 4182.
Package hyperref Info: Hyper index ON on input line 4185.
Package hyperref Info: Plain pages OFF on input line 4192.
Package hyperref Info: Backreferencing OFF on input line 4197.
Package hyperref Info: Implicit mode OFF; no redefinition of LaTeX internals.
Package hyperref Info: Bookmarks ON on input line 4425.
\c@Hy@tempcnt=\count302

(/usr/local/texlive/2023/texmf-dist/tex/latex/url/url.sty
\Urlmuskip=\muskip16
Package: url 2013/09/16  ver 3.4  Verb mode for urls, etc.
)
LaTeX Info: Redefining \url on input line 4763.
\XeTeXLinkMargin=\dimen268

(/usr/local/texlive/2023/texmf-dist/tex/generic/bitset/bitset.sty
Package: bitset 2019/12/09 v1.3 Handle bit-vector datatype (HO)

(/usr/local/texlive/2023/texmf-dist/tex/generic/bigintcalc/bigintcalc.sty
Package: bigintcalc 2019/12/15 v1.5 Expandable calculations on big integers (HO
)
))
\Fld@menulength=\count303
\Field@Width=\dimen269
\Fld@charsize=\dimen270
Package hyperref Info: Hyper figures OFF on input line 6042.
Package hyperref Info: Link nesting OFF on input line 6047.
Package hyperref Info: Hyper index ON on input line 6050.
Package hyperref Info: backreferencing OFF on input line 6057.
Package hyperref Info: Link coloring OFF on input line 6062.
Package hyperref Info: Link coloring with OCG OFF on input line 6067.
Package hyperref Info: PDF/A mode OFF on input line 6072.
\Hy@abspage=\count304


Package hyperref Message: Stopped early.

)
Package hyperref Info: Driver (autodetected): hpdftex.
 (/usr/local/texlive/2023/texmf-dist/tex/latex/hyperref/hpdftex.def
File: hpdftex.def 2023-02-07 v7.00v Hyperref driver for pdfTeX

(/usr/local/texlive/2023/texmf-dist/tex/latex/base/atveryend-ltx.sty
Package: atveryend-ltx 2020/08/19 v1.0a Emulation of the original atveryend pac
kage
with kernel methods
)
\Fld@listcount=\count305
\c@bookmark@seq@number=\count306

(/usr/local/texlive/2023/texmf-dist/tex/latex/rerunfilecheck/rerunfilecheck.sty
Package: rerunfilecheck 2022-07-10 v1.10 Rerun checks for auxiliary files (HO)

(/usr/local/texlive/2023/texmf-dist/tex/generic/uniquecounter/uniquecounter.sty
Package: uniquecounter 2019/12/15 v1.4 Provide unlimited unique counter (HO)
)
Package uniquecounter Info: New unique counter `rerunfilecheck' on input line 2
85.
)) (/usr/local/texlive/2023/texmf-dist/tex/latex/beamer/beamerbaserequires.sty
(/usr/local/texlive/2023/texmf-dist/tex/latex/beamer/beamerbasecompatibility.st
y) (/usr/local/texlive/2023/texmf-dist/tex/latex/beamer/beamerbasefont.sty
(/usr/local/texlive/2023/texmf-dist/tex/latex/amsfonts/amssymb.sty
Package: amssymb 2013/01/14 v3.01 AMS font symbols

(/usr/local/texlive/2023/texmf-dist/tex/latex/amsfonts/amsfonts.sty
Package: amsfonts 2013/01/14 v3.01 Basic AMSFonts support
\@emptytoks=\toks28
\symAMSa=\mathgroup4
\symAMSb=\mathgroup5
LaTeX Font Info:    Redeclaring math symbol \hbar on input line 98.
LaTeX Font Info:    Overwriting math alphabet `\mathfrak' in version `bold'
(Font)                  U/euf/m/n --> U/euf/b/n on input line 106.
))
(/usr/local/texlive/2023/texmf-dist/tex/latex/sansmathaccent/sansmathaccent.sty
Package: sansmathaccent 2020/01/31
(/usr/local/texlive/2023/texmf-dist/tex/latex/koma-script/scrlfile.sty
Package: scrlfile 2022/10/12 v3.38 KOMA-Script package (file load hooks)

(/usr/local/texlive/2023/texmf-dist/tex/latex/koma-script/scrlfile-hook.sty
Package: scrlfile-hook 2022/10/12 v3.38 KOMA-Script package (using LaTeX hooks)


(/usr/local/texlive/2023/texmf-dist/tex/latex/koma-script/scrlogo.sty
Package: scrlogo 2022/10/12 v3.38 KOMA-Script package (logo)
)))))
(/usr/local/texlive/2023/texmf-dist/tex/latex/beamer/beamerbasetranslator.sty
(/usr/local/texlive/2023/texmf-dist/tex/latex/translator/translator.sty
Package: translator 2021-05-31 v1.12d Easy translation of strings in LaTeX
))
(/usr/local/texlive/2023/texmf-dist/tex/latex/beamer/beamerbasemisc.sty)
(/usr/local/texlive/2023/texmf-dist/tex/latex/beamer/beamerbasetwoscreens.sty)
(/usr/local/texlive/2023/texmf-dist/tex/latex/beamer/beamerbaseoverlay.sty
\beamer@argscount=\count307
\beamer@lastskipcover=\skip51
\beamer@trivlistdepth=\count308
)
(/usr/local/texlive/2023/texmf-dist/tex/latex/beamer/beamerbasetitle.sty)
(/usr/local/texlive/2023/texmf-dist/tex/latex/beamer/beamerbasesection.sty
\c@lecture=\count309
\c@part=\count310
\c@section=\count311
\c@subsection=\count312
\c@subsubsection=\count313
)
(/usr/local/texlive/2023/texmf-dist/tex/latex/beamer/beamerbaseframe.sty
\beamer@framebox=\box66
\beamer@frametitlebox=\box67
\beamer@zoombox=\box68
\beamer@zoomcount=\count314
\beamer@zoomframecount=\count315
\beamer@frametextheight=\dimen271
\c@subsectionslide=\count316
\beamer@frametopskip=\skip52
\beamer@framebottomskip=\skip53
\beamer@frametopskipautobreak=\skip54
\beamer@framebottomskipautobreak=\skip55
\beamer@envbody=\toks29
\framewidth=\dimen272
\c@framenumber=\count317
)
(/usr/local/texlive/2023/texmf-dist/tex/latex/beamer/beamerbaseverbatim.sty
\beamer@verbatimfileout=\write4
)
(/usr/local/texlive/2023/texmf-dist/tex/latex/beamer/beamerbaseframesize.sty
\beamer@splitbox=\box69
\beamer@autobreakcount=\count318
\beamer@autobreaklastheight=\dimen273
\beamer@frametitletoks=\toks30
\beamer@framesubtitletoks=\toks31
)
(/usr/local/texlive/2023/texmf-dist/tex/latex/beamer/beamerbaseframecomponents.
sty
\beamer@footins=\box70
) (/usr/local/texlive/2023/texmf-dist/tex/latex/beamer/beamerbasecolor.sty)
(/usr/local/texlive/2023/texmf-dist/tex/latex/beamer/beamerbasenotes.sty
\beamer@frameboxcopy=\box71
)
(/usr/local/texlive/2023/texmf-dist/tex/latex/beamer/beamerbasetoc.sty)
(/usr/local/texlive/2023/texmf-dist/tex/latex/beamer/beamerbasetemplates.sty
\beamer@sbttoks=\toks32

(/usr/local/texlive/2023/texmf-dist/tex/latex/beamer/beamerbaseauxtemplates.sty
(/usr/local/texlive/2023/texmf-dist/tex/latex/beamer/beamerbaseboxes.sty
\bmb@box=\box72
\bmb@colorbox=\box73
\bmb@boxwidth=\dimen274
\bmb@boxheight=\dimen275
\bmb@prevheight=\dimen276
\bmb@temp=\dimen277
\bmb@dima=\dimen278
\bmb@dimb=\dimen279
\bmb@prevheight=\dimen280
)
\beamer@blockheadheight=\dimen281
))
(/usr/local/texlive/2023/texmf-dist/tex/latex/beamer/beamerbaselocalstructure.s
ty (/usr/local/texlive/2023/texmf-dist/tex/latex/tools/enumerate.sty
Package: enumerate 2015/07/23 v3.00 enumerate extensions (DPC)
\@enLab=\toks33
)
\beamer@bibiconwidth=\skip56
\c@figure=\count319
\c@table=\count320
\abovecaptionskip=\skip57
\belowcaptionskip=\skip58
)
(/usr/local/texlive/2023/texmf-dist/tex/latex/beamer/beamerbasenavigation.sty
(/usr/local/texlive/2023/texmf-dist/tex/latex/beamer/beamerbasenavigationsymbol
s.tex)
\beamer@section@min@dim=\dimen282
)
(/usr/local/texlive/2023/texmf-dist/tex/latex/beamer/beamerbasetheorems.sty
(/usr/local/texlive/2023/texmf-dist/tex/latex/amsmath/amsmath.sty
Package: amsmath 2022/04/08 v2.17n AMS math features
\@mathmargin=\skip59

For additional information on amsmath, use the `?' option.
(/usr/local/texlive/2023/texmf-dist/tex/latex/amsmath/amstext.sty
Package: amstext 2021/08/26 v2.01 AMS text

(/usr/local/texlive/2023/texmf-dist/tex/latex/amsmath/amsgen.sty
File: amsgen.sty 1999/11/30 v2.0 generic functions
\@emptytoks=\toks34
\ex@=\dimen283
))
(/usr/local/texlive/2023/texmf-dist/tex/latex/amsmath/amsbsy.sty
Package: amsbsy 1999/11/29 v1.2d Bold Symbols
\pmbraise@=\dimen284
)
(/usr/local/texlive/2023/texmf-dist/tex/latex/amsmath/amsopn.sty
Package: amsopn 2022/04/08 v2.04 operator names
)
\inf@bad=\count321
LaTeX Info: Redefining \frac on input line 234.
\uproot@=\count322
\leftroot@=\count323
LaTeX Info: Redefining \overline on input line 399.
LaTeX Info: Redefining \colon on input line 410.
\classnum@=\count324
\DOTSCASE@=\count325
LaTeX Info: Redefining \ldots on input line 496.
LaTeX Info: Redefining \dots on input line 499.
LaTeX Info: Redefining \cdots on input line 620.
\Mathstrutbox@=\box74
\strutbox@=\box75
LaTeX Info: Redefining \big on input line 722.
LaTeX Info: Redefining \Big on input line 723.
LaTeX Info: Redefining \bigg on input line 724.
LaTeX Info: Redefining \Bigg on input line 725.
\big@size=\dimen285
LaTeX Font Info:    Redeclaring font encoding OML on input line 743.
LaTeX Font Info:    Redeclaring font encoding OMS on input line 744.
\macc@depth=\count326
LaTeX Info: Redefining \bmod on input line 905.
LaTeX Info: Redefining \pmod on input line 910.
LaTeX Info: Redefining \smash on input line 940.
LaTeX Info: Redefining \relbar on input line 970.
LaTeX Info: Redefining \Relbar on input line 971.
\c@MaxMatrixCols=\count327
\dotsspace@=\muskip17
\c@parentequation=\count328
\dspbrk@lvl=\count329
\tag@help=\toks35
\row@=\count330
\column@=\count331
\maxfields@=\count332
\andhelp@=\toks36
\eqnshift@=\dimen286
\alignsep@=\dimen287
\tagshift@=\dimen288
\tagwidth@=\dimen289
\totwidth@=\dimen290
\lineht@=\dimen291
\@envbody=\toks37
\multlinegap=\skip60
\multlinetaggap=\skip61
\mathdisplay@stack=\toks38
LaTeX Info: Redefining \[ on input line 2953.
LaTeX Info: Redefining \] on input line 2954.
)
(/usr/local/texlive/2023/texmf-dist/tex/latex/amscls/amsthm.sty
Package: amsthm 2020/05/29 v2.20.6
\thm@style=\toks39
\thm@bodyfont=\toks40
\thm@headfont=\toks41
\thm@notefont=\toks42
\thm@headpunct=\toks43
\thm@preskip=\skip62
\thm@postskip=\skip63
\thm@headsep=\skip64
\dth@everypar=\toks44
)
\c@theorem=\count333
)
(/usr/local/texlive/2023/texmf-dist/tex/latex/beamer/beamerbasethemes.sty))
(/usr/local/texlive/2023/texmf-dist/tex/latex/beamer/beamerthemedefault.sty
(/usr/local/texlive/2023/texmf-dist/tex/latex/beamer/beamerfontthemedefault.sty
)
(/usr/local/texlive/2023/texmf-dist/tex/latex/beamer/beamercolorthemedefault.st
y)
(/usr/local/texlive/2023/texmf-dist/tex/latex/beamer/beamerinnerthemedefault.st
y
\beamer@dima=\dimen292
\beamer@dimb=\dimen293
)
(/usr/local/texlive/2023/texmf-dist/tex/latex/beamer/beamerouterthemedefault.st
y))) (/usr/local/texlive/2023/texmf-dist/tex/latex/pgf/frontendlayer/tikz.sty
(/usr/local/texlive/2023/texmf-dist/tex/latex/pgf/basiclayer/pgf.sty
Package: pgf 2023-01-15 v3.1.10 (3.1.10)

(/usr/local/texlive/2023/texmf-dist/tex/generic/pgf/modules/pgfmoduleshapes.cod
e.tex
File: pgfmoduleshapes.code.tex 2023-01-15 v3.1.10 (3.1.10)
\pgfnodeparttextbox=\box76
)
(/usr/local/texlive/2023/texmf-dist/tex/generic/pgf/modules/pgfmoduleplot.code.
tex
File: pgfmoduleplot.code.tex 2023-01-15 v3.1.10 (3.1.10)
)
(/usr/local/texlive/2023/texmf-dist/tex/latex/pgf/compatibility/pgfcomp-version
-0-65.sty
Package: pgfcomp-version-0-65 2023-01-15 v3.1.10 (3.1.10)
\pgf@nodesepstart=\dimen294
\pgf@nodesepend=\dimen295
)
(/usr/local/texlive/2023/texmf-dist/tex/latex/pgf/compatibility/pgfcomp-version
-1-18.sty
Package: pgfcomp-version-1-18 2023-01-15 v3.1.10 (3.1.10)
))
(/usr/local/texlive/2023/texmf-dist/tex/latex/pgf/utilities/pgffor.sty
(/usr/local/texlive/2023/texmf-dist/tex/generic/pgf/utilities/pgffor.code.tex
Package: pgffor 2023-01-15 v3.1.10 (3.1.10)
\pgffor@iter=\dimen296
\pgffor@skip=\dimen297
\pgffor@stack=\toks45
\pgffor@toks=\toks46
))
(/usr/local/texlive/2023/texmf-dist/tex/generic/pgf/frontendlayer/tikz/tikz.cod
e.tex
Package: tikz 2023-01-15 v3.1.10 (3.1.10)

(/usr/local/texlive/2023/texmf-dist/tex/generic/pgf/libraries/pgflibraryplothan
dlers.code.tex
File: pgflibraryplothandlers.code.tex 2023-01-15 v3.1.10 (3.1.10)
\pgf@plot@mark@count=\count334
\pgfplotmarksize=\dimen298
)
\tikz@lastx=\dimen299
\tikz@lasty=\dimen300
\tikz@lastxsaved=\dimen301
\tikz@lastysaved=\dimen302
\tikz@lastmovetox=\dimen303
\tikz@lastmovetoy=\dimen304
\tikzleveldistance=\dimen305
\tikzsiblingdistance=\dimen306
\tikz@figbox=\box77
\tikz@figbox@bg=\box78
\tikz@tempbox=\box79
\tikz@tempbox@bg=\box80
\tikztreelevel=\count335
\tikznumberofchildren=\count336
\tikznumberofcurrentchild=\count337
\tikz@fig@count=\count338

(/usr/local/texlive/2023/texmf-dist/tex/generic/pgf/modules/pgfmodulematrix.cod
e.tex
File: pgfmodulematrix.code.tex 2023-01-15 v3.1.10 (3.1.10)
\pgfmatrixcurrentrow=\count339
\pgfmatrixcurrentcolumn=\count340
\pgf@matrix@numberofcolumns=\count341
)
\tikz@expandcount=\count342

(/usr/local/texlive/2023/texmf-dist/tex/generic/pgf/frontendlayer/tikz/librarie
s/tikzlibrarytopaths.code.tex
File: tikzlibrarytopaths.code.tex 2023-01-15 v3.1.10 (3.1.10)
)))
(/usr/local/texlive/2023/texmf-dist/tex/generic/pgf/frontendlayer/tikz/librarie
s/tikzlibrarycalc.code.tex
File: tikzlibrarycalc.code.tex 2023-01-15 v3.1.10 (3.1.10)
)
(/usr/local/texlive/2023/texmf-dist/tex/generic/pgf/frontendlayer/tikz/librarie
s/tikzlibraryshapes.geometric.code.tex
File: tikzlibraryshapes.geometric.code.tex 2023-01-15 v3.1.10 (3.1.10)

(/usr/local/texlive/2023/texmf-dist/tex/generic/pgf/libraries/shapes/pgflibrary
shapes.geometric.code.tex
File: pgflibraryshapes.geometric.code.tex 2023-01-15 v3.1.10 (3.1.10)
))
(/usr/local/texlive/2023/texmf-dist/tex/generic/pgf/frontendlayer/tikz/librarie
s/tikzlibrarypositioning.code.tex
File: tikzlibrarypositioning.code.tex 2023-01-15 v3.1.10 (3.1.10)
)
(/usr/local/texlive/2023/texmf-dist/tex/generic/pgf/libraries/pgflibraryarrows.
meta.code.tex
File: pgflibraryarrows.meta.code.tex 2023-01-15 v3.1.10 (3.1.10)
\pgfarrowinset=\dimen307
\pgfarrowlength=\dimen308
\pgfarrowwidth=\dimen309
\pgfarrowlinewidth=\dimen310
) (/usr/local/texlive/2023/texmf-dist/tex/latex/bbm-macros/bbm.sty
Package: bbm 1999/03/15 V 1.2 provides fonts for set symbols - TH
LaTeX Font Info:    Overwriting math alphabet `\mathbbm' in version `bold'
(Font)                  U/bbm/m/n --> U/bbm/bx/n on input line 33.
LaTeX Font Info:    Overwriting math alphabet `\mathbbmss' in version `bold'
(Font)                  U/bbmss/m/n --> U/bbmss/bx/n on input line 35.
) (/usr/local/texlive/2023/texmf-dist/tex/latex/booktabs/booktabs.sty
Package: booktabs 2020/01/12 v1.61803398 Publication quality tables
\heavyrulewidth=\dimen311
\lightrulewidth=\dimen312
\cmidrulewidth=\dimen313
\belowrulesep=\dimen314
\belowbottomsep=\dimen315
\aboverulesep=\dimen316
\abovetopsep=\dimen317
\cmidrulesep=\dimen318
\cmidrulekern=\dimen319
\defaultaddspace=\dimen320
\@cmidla=\count343
\@cmidlb=\count344
\@aboverulesep=\dimen321
\@belowrulesep=\dimen322
\@thisruleclass=\count345
\@lastruleclass=\count346
\@thisrulewidth=\dimen323
)
\footerlineleft=\skip65
\footerlineright=\skip66
\footerlinebottomgap=\skip67

(/usr/local/texlive/2023/texmf-dist/tex/latex/l3backend/l3backend-pdftex.def
File: l3backend-pdftex.def 2023-01-16 L3 backend support: PDF output (pdfTeX)
\l__color_backend_stack_int=\count347
\l__pdf_internal_box=\box81
)
(./report.aux)
\openout1 = `report.aux'.

LaTeX Font Info:    Checking defaults for OML/cmm/m/it on input line 114.
LaTeX Font Info:    ... okay on input line 114.
LaTeX Font Info:    Checking defaults for OMS/cmsy/m/n on input line 114.
LaTeX Font Info:    ... okay on input line 114.
LaTeX Font Info:    Checking defaults for OT1/cmr/m/n on input line 114.
LaTeX Font Info:    ... okay on input line 114.
LaTeX Font Info:    Checking defaults for T1/cmr/m/n on input line 114.
LaTeX Font Info:    ... okay on input line 114.
LaTeX Font Info:    Checking defaults for TS1/cmr/m/n on input line 114.
LaTeX Font Info:    ... okay on input line 114.
LaTeX Font Info:    Checking defaults for OMX/cmex/m/n on input line 114.
LaTeX Font Info:    ... okay on input line 114.
LaTeX Font Info:    Checking defaults for U/cmr/m/n on input line 114.
LaTeX Font Info:    ... okay on input line 114.
LaTeX Font Info:    Checking defaults for PD1/pdf/m/n on input line 114.
LaTeX Font Info:    ... okay on input line 114.
LaTeX Font Info:    Checking defaults for PU/pdf/m/n on input line 114.
LaTeX Font Info:    ... okay on input line 114.

*geometry* driver: auto-detecting
*geometry* detected driver: pdftex
*geometry* verbose mode - [ preamble ] result:
* driver: pdftex
* paper: custom
* layout: <same size as paper>
* layoutoffset:(h,v)=(0.0pt,0.0pt)
* modes: includehead includefoot 
* h-part:(L,W,R)=(28.45274pt, 398.3386pt, 28.45274pt)
* v-part:(T,H,B)=(0.0pt, 256.0748pt, 0.0pt)
* \paperwidth=455.24408pt
* \paperheight=256.0748pt
* \textwidth=398.3386pt
* \textheight=227.62207pt
* \oddsidemargin=-43.81725pt
* \evensidemargin=-43.81725pt
* \topmargin=-72.26999pt
* \headheight=14.22636pt
* \headsep=0.0pt
* \topskip=11.0pt
* \footskip=14.22636pt
* \marginparwidth=4.0pt
* \marginparsep=10.0pt
* \columnsep=10.0pt
* \skip\footins=10.0pt plus 4.0pt minus 2.0pt
* \hoffset=0.0pt
* \voffset=0.0pt
* \mag=1000
* \@twocolumnfalse
* \@twosidefalse
* \@mparswitchfalse
* \@reversemarginfalse
* (1in=72.27pt=25.4mm, 1cm=28.453pt)

(/usr/local/texlive/2023/texmf-dist/tex/context/base/mkii/supp-pdf.mkii
[Loading MPS to PDF converter (version 2006.09.02).]
\scratchcounter=\count348
\scratchdimen=\dimen324
\scratchbox=\box82
\nofMPsegments=\count349
\nofMParguments=\count350
\everyMPshowfont=\toks47
\MPscratchCnt=\count351
\MPscratchDim=\dimen325
\MPnumerator=\count352
\makeMPintoPDFobject=\count353
\everyMPtoPDFconversion=\toks48
) (/usr/local/texlive/2023/texmf-dist/tex/latex/epstopdf-pkg/epstopdf-base.sty
Package: epstopdf-base 2020-01-24 v2.11 Base part for package epstopdf
Package epstopdf-base Info: Redefining graphics rule for `.eps' on input line 4
85.

(/usr/local/texlive/2023/texmf-dist/tex/latex/latexconfig/epstopdf-sys.cfg
File: epstopdf-sys.cfg 2010/07/13 v1.3 Configuration of (r)epstopdf for TeX Liv
e
))
Package hyperref Info: Link coloring OFF on input line 114.

(./report.out) (./report.out)
\@outlinefile=\write5
\openout5 = `report.out'.

LaTeX Font Info:    Overwriting symbol font `operators' in version `normal'
(Font)                  OT1/cmr/m/n --> OT1/cmss/m/n on input line 114.
LaTeX Font Info:    Overwriting symbol font `operators' in version `bold'
(Font)                  OT1/cmr/bx/n --> OT1/cmss/b/n on input line 114.
\symnumbers=\mathgroup6
\sympureletters=\mathgroup7
LaTeX Font Info:    Overwriting math alphabet `\mathrm' in version `normal'
(Font)                  OT1/cmss/m/n --> OT1/cmr/m/n on input line 114.
LaTeX Font Info:    Redeclaring math alphabet \mathbf on input line 114.
LaTeX Font Info:    Overwriting math alphabet `\mathbf' in version `normal'
(Font)                  OT1/cmr/bx/n --> OT1/cmss/b/n on input line 114.
LaTeX Font Info:    Overwriting math alphabet `\mathbf' in version `bold'
(Font)                  OT1/cmr/bx/n --> OT1/cmss/b/n on input line 114.
LaTeX Font Info:    Redeclaring math alphabet \mathsf on input line 114.
LaTeX Font Info:    Overwriting math alphabet `\mathsf' in version `normal'
(Font)                  OT1/cmss/m/n --> OT1/cmss/m/n on input line 114.
LaTeX Font Info:    Overwriting math alphabet `\mathsf' in version `bold'
(Font)                  OT1/cmss/bx/n --> OT1/cmss/m/n on input line 114.
LaTeX Font Info:    Redeclaring math alphabet \mathit on input line 114.
LaTeX Font Info:    Overwriting math alphabet `\mathit' in version `normal'
(Font)                  OT1/cmr/m/it --> OT1/cmss/m/it on input line 114.
LaTeX Font Info:    Overwriting math alphabet `\mathit' in version `bold'
(Font)                  OT1/cmr/bx/it --> OT1/cmss/m/it on input line 114.
LaTeX Font Info:    Redeclaring math alphabet \mathtt on input line 114.
LaTeX Font Info:    Overwriting math alphabet `\mathtt' in version `normal'
(Font)                  OT1/cmtt/m/n --> OT1/cmtt/m/n on input line 114.
LaTeX Font Info:    Overwriting math alphabet `\mathtt' in version `bold'
(Font)                  OT1/cmtt/m/n --> OT1/cmtt/m/n on input line 114.
LaTeX Font Info:    Overwriting symbol font `numbers' in version `bold'
(Font)                  OT1/cmss/m/n --> OT1/cmss/b/n on input line 114.
LaTeX Font Info:    Overwriting symbol font `pureletters' in version `bold'
(Font)                  OT1/cmss/m/it --> OT1/cmss/b/it on input line 114.
LaTeX Font Info:    Overwriting math alphabet `\mathrm' in version `bold'
(Font)                  OT1/cmss/b/n --> OT1/cmr/b/n on input line 114.
LaTeX Font Info:    Overwriting math alphabet `\mathbf' in version `bold'
(Font)                  OT1/cmss/b/n --> OT1/cmss/b/n on input line 114.
LaTeX Font Info:    Overwriting math alphabet `\mathsf' in version `bold'
(Font)                  OT1/cmss/m/n --> OT1/cmss/b/n on input line 114.
LaTeX Font Info:    Overwriting math alphabet `\mathit' in version `bold'
(Font)                  OT1/cmss/m/it --> OT1/cmss/b/it on input line 114.
LaTeX Font Info:    Overwriting math alphabet `\mathtt' in version `bold'
(Font)                  OT1/cmtt/m/n --> OT1/cmtt/b/n on input line 114.
LaTeX Font Info:    Redeclaring symbol font `pureletters' on input line 114.
LaTeX Font Info:    Overwriting symbol font `pureletters' in version `normal'
(Font)                  OT1/cmss/m/it --> OT1/mathkerncmss/m/sl on input line 1
14.
LaTeX Font Info:    Overwriting symbol font `pureletters' in version `bold'
(Font)                  OT1/cmss/b/it --> OT1/mathkerncmss/m/sl on input line 1
14.
LaTeX Font Info:    Overwriting symbol font `pureletters' in version `bold'
(Font)                  OT1/mathkerncmss/m/sl --> OT1/mathkerncmss/bx/sl on inp
ut line 114.

(/usr/local/texlive/2023/texmf-dist/tex/latex/translator/translator-basic-dicti
onary-English.dict
Dictionary: translator-basic-dictionary, Language: English 
)
(/usr/local/texlive/2023/texmf-dist/tex/latex/translator/translator-bibliograph
y-dictionary-English.dict
Dictionary: translator-bibliography-dictionary, Language: English 
)
(/usr/local/texlive/2023/texmf-dist/tex/latex/translator/translator-environment
-dictionary-English.dict
Dictionary: translator-environment-dictionary, Language: English 
)
(/usr/local/texlive/2023/texmf-dist/tex/latex/translator/translator-months-dict
ionary-English.dict
Dictionary: translator-months-dictionary, Language: English 
)
(/usr/local/texlive/2023/texmf-dist/tex/latex/translator/translator-numbers-dic
tionary-English.dict
Dictionary: translator-numbers-dictionary, Language: English 
)
(/usr/local/texlive/2023/texmf-dist/tex/latex/translator/translator-theorem-dic
tionary-English.dict
Dictionary: translator-theorem-dictionary, Language: English 
) (./report.nav)
Overfull \hbox (7.08344pt too wide) detected at line 114
 |  [][][]  |  
 []



pdfTeX warning: pdflatex (file /Users/mohammad/Downloads/report_memory/huawei_l
ogo.pdf): PDF inclusion: found PDF version <1.7>, but at most version <1.5> all
owed
<huawei_logo.pdf, id=13, 225.84375pt x 225.84375pt>
File: huawei_logo.pdf Graphic file (type pdf)
<use huawei_logo.pdf>
Package pdftex.def Info: huawei_logo.pdf  used on input line 114.
(pdftex.def)             Requested size: 10.39685pt x 10.40002pt.

Overfull \hbox (4.25006pt too wide) in paragraph at lines 114--114
[][][][]  
 []

LaTeX Font Info:    Trying to load font information for U+msa on input line 116
.
(/usr/local/texlive/2023/texmf-dist/tex/latex/amsfonts/umsa.fd
File: umsa.fd 2013/01/14 v3.01 AMS symbols A
)
LaTeX Font Info:    Trying to load font information for U+msb on input line 116
.

(/usr/local/texlive/2023/texmf-dist/tex/latex/amsfonts/umsb.fd
File: umsb.fd 2013/01/14 v3.01 AMS symbols B
)
LaTeX Font Info:    Trying to load font information for OT1+mathkerncmss on inp
ut line 116.

(/usr/local/texlive/2023/texmf-dist/tex/latex/sansmathaccent/ot1mathkerncmss.fd
File: ot1mathkerncmss.fd 2020/01/31 Fontinst v1.933 font definitions for OT1/ma
thkerncmss.
)
File: huawei_logo.pdf Graphic file (type pdf)
<use huawei_logo.pdf>
Package pdftex.def Info: huawei_logo.pdf  used on input line 116.
(pdftex.def)             Requested size: 42.67912pt x 42.67642pt.
 [1

{/usr/local/texlive/2023/texmf-var/fonts/map/pdftex/updmap/pdftex.map} </Users/
mohammad/Downloads/report_memory/huawei_logo.pdf>]
Overfull \hbox (7.08344pt too wide) has occurred while \output is active
 |  [][][]  |  
 []

File: huawei_logo.pdf Graphic file (type pdf)
<use huawei_logo.pdf>
Package pdftex.def Info: huawei_logo.pdf  used on input line 142.
(pdftex.def)             Requested size: 10.39685pt x 10.40002pt.

Overfull \hbox (4.25006pt too wide) has occurred while \output is active
[][][][] 
 []

[2

]
Overfull \vbox (2.39294pt too high) detected at line 205
 []


Overfull \hbox (7.08344pt too wide) has occurred while \output is active
 |  [][][]  |  
 []

File: huawei_logo.pdf Graphic file (type pdf)
<use huawei_logo.pdf>
Package pdftex.def Info: huawei_logo.pdf  used on input line 205.
(pdftex.def)             Requested size: 10.39685pt x 10.40002pt.

Overfull \hbox (4.25006pt too wide) has occurred while \output is active
[][][][] 
 []

[3

]
Overfull \hbox (7.08344pt too wide) has occurred while \output is active
 |  [][][]  |  
 []

File: huawei_logo.pdf Graphic file (type pdf)
<use huawei_logo.pdf>
Package pdftex.def Info: huawei_logo.pdf  used on input line 298.
(pdftex.def)             Requested size: 10.39685pt x 10.40002pt.

Overfull \hbox (4.25006pt too wide) has occurred while \output is active
[][][][] 
 []

[4

]
Overfull \hbox (7.08344pt too wide) has occurred while \output is active
 |  [][][]  |  
 []

File: huawei_logo.pdf Graphic file (type pdf)
<use huawei_logo.pdf>
Package pdftex.def Info: huawei_logo.pdf  used on input line 348.
(pdftex.def)             Requested size: 10.39685pt x 10.40002pt.

Overfull \hbox (4.25006pt too wide) has occurred while \output is active
[][][][] 
 []

[5

]
Overfull \hbox (7.08344pt too wide) has occurred while \output is active
 |  [][][]  |  
 []

File: huawei_logo.pdf Graphic file (type pdf)
<use huawei_logo.pdf>
Package pdftex.def Info: huawei_logo.pdf  used on input line 392.
(pdftex.def)             Requested size: 10.39685pt x 10.40002pt.

Overfull \hbox (4.25006pt too wide) has occurred while \output is active
[][][][] 
 []

[6

]
File: huawei_logo.pdf Graphic file (type pdf)
<use huawei_logo.pdf>
Package pdftex.def Info: huawei_logo.pdf  used on input line 398.
(pdftex.def)             Requested size: 42.67912pt x 42.67642pt.
 [7

]
Overfull \hbox (16.84846pt too wide) detected at line 456
[] \OMS/cmsy/m/n/10.95 ! [] ! []
 []

<dc_bl.jpg, id=77, 899.36pt x 246.9225pt>
File: dc_bl.jpg Graphic file (type jpg)
<use dc_bl.jpg>
Package pdftex.def Info: dc_bl.jpg  used on input line 456.
(pdftex.def)             Requested size: 127.46687pt x 34.99466pt.
<dc_fh.jpg, id=78, 883.3pt x 281.05pt>
File: dc_fh.jpg Graphic file (type jpg)
<use dc_fh.jpg>
Package pdftex.def Info: dc_fh.jpg  used on input line 456.
(pdftex.def)             Requested size: 127.46687pt x 40.55608pt.
<dc_rs.jpg, id=79, 891.33pt x 371.3875pt>
File: dc_rs.jpg Graphic file (type jpg)
<use dc_rs.jpg>
Package pdftex.def Info: dc_rs.jpg  used on input line 456.
(pdftex.def)             Requested size: 159.333pt x 66.38783pt.

Overfull \hbox (11.94965pt too wide) detected at line 456
[][][][][][][][][][][] [][][][][][][]
 []


Overfull \hbox (7.08344pt too wide) has occurred while \output is active
 |  [][][]  |  
 []

File: huawei_logo.pdf Graphic file (type pdf)
<use huawei_logo.pdf>
Package pdftex.def Info: huawei_logo.pdf  used on input line 456.
(pdftex.def)             Requested size: 10.39685pt x 10.40002pt.

Overfull \hbox (4.25006pt too wide) has occurred while \output is active
[][][][] 
 []

[8

 </Users/mohammad/Downloads/report_memory/dc_bl.jpg> </Users/mohammad/Downloads
/report_memory/dc_fh.jpg> </Users/mohammad/Downloads/report_memory/dc_rs.jpg>]
<dc_res.jpg, id=85, 1539.7525pt x 439.6425pt>
File: dc_res.jpg Graphic file (type jpg)
<use dc_res.jpg>
Package pdftex.def Info: dc_res.jpg  used on input line 500.
(pdftex.def)             Requested size: 173.27783pt x 49.47441pt.
<ex.jpg, id=86, 754.82pt x 885.3075pt>
File: ex.jpg Graphic file (type jpg)
<use ex.jpg>
Package pdftex.def Info: ex.jpg  used on input line 500.
(pdftex.def)             Requested size: 159.33604pt x 186.87917pt.

Overfull \hbox (31.86781pt too wide) detected at line 500
[][][][][][][][][][][] [][][][][][][]
 []


Overfull \hbox (7.08344pt too wide) has occurred while \output is active
 |  [][][]  |  
 []

File: huawei_logo.pdf Graphic file (type pdf)
<use huawei_logo.pdf>
Package pdftex.def Info: huawei_logo.pdf  used on input line 500.
(pdftex.def)             Requested size: 10.39685pt x 10.40002pt.

Overfull \hbox (4.25006pt too wide) has occurred while \output is active
[][][][] 
 []

[9

 </Users/mohammad/Downloads/report_memory/dc_res.jpg> </Users/mohammad/Download
s/report_memory/ex.jpg>]
<fig_overview.jpg, id=92, 1330.9725pt x 421.575pt>
File: fig_overview.jpg Graphic file (type jpg)
<use fig_overview.jpg>
Package pdftex.def Info: fig_overview.jpg  used on input line 521.
(pdftex.def)             Requested size: 318.67209pt x 100.93561pt.

Overfull \hbox (7.08344pt too wide) has occurred while \output is active
 |  [][][]  |  
 []

File: huawei_logo.pdf Graphic file (type pdf)
<use huawei_logo.pdf>
Package pdftex.def Info: huawei_logo.pdf  used on input line 521.
(pdftex.def)             Requested size: 10.39685pt x 10.40002pt.

Overfull \hbox (4.25006pt too wide) has occurred while \output is active
[][][][] 
 []

[10

 </Users/mohammad/Downloads/report_memory/fig_overview.jpg>]
Overfull \hbox (7.08344pt too wide) has occurred while \output is active
 |  [][][]  |  
 []

File: huawei_logo.pdf Graphic file (type pdf)
<use huawei_logo.pdf>
Package pdftex.def Info: huawei_logo.pdf  used on input line 549.
(pdftex.def)             Requested size: 10.39685pt x 10.40002pt.

Overfull \hbox (4.25006pt too wide) has occurred while \output is active
[][][][] 
 []

[11

]
<fig_matts.jpg, id=104, 1318.9275pt x 333.245pt>
File: fig_matts.jpg Graphic file (type jpg)
<use fig_matts.jpg>
Package pdftex.def Info: fig_matts.jpg  used on input line 571.
(pdftex.def)             Requested size: 318.67209pt x 80.51434pt.
<res.jpg, id=105, 1349.04pt x 461.725pt>
File: res.jpg Graphic file (type jpg)
<use res.jpg>
Package pdftex.def Info: res.jpg  used on input line 571.
(pdftex.def)             Requested size: 239.00558pt x 81.79648pt.

Overfull \hbox (7.08344pt too wide) has occurred while \output is active
 |  [][][]  |  
 []

File: huawei_logo.pdf Graphic file (type pdf)
<use huawei_logo.pdf>
Package pdftex.def Info: huawei_logo.pdf  used on input line 571.
(pdftex.def)             Requested size: 10.39685pt x 10.40002pt.

Overfull \hbox (4.25006pt too wide) has occurred while \output is active
[][][][] 
 []

[12

 </Users/mohammad/Downloads/report_memory/fig_matts.jpg> </Users/mohammad/Downl
oads/report_memory/res.jpg>]
<prompt.jpg, id=112, 2156.055pt x 889.3225pt>
File: prompt.jpg Graphic file (type jpg)
<use prompt.jpg>
Package pdftex.def Info: prompt.jpg  used on input line 580.
(pdftex.def)             Requested size: 398.3386pt x 164.30496pt.

Overfull \hbox (7.08344pt too wide) has occurred while \output is active
 |  [][][]  |  
 []

File: huawei_logo.pdf Graphic file (type pdf)
<use huawei_logo.pdf>
Package pdftex.def Info: huawei_logo.pdf  used on input line 580.
(pdftex.def)             Requested size: 10.39685pt x 10.40002pt.

Overfull \hbox (4.25006pt too wide) has occurred while \output is active
[][][][] 
 []

[13

 </Users/mohammad/Downloads/report_memory/prompt.jpg>]
Overfull \hbox (7.08344pt too wide) has occurred while \output is active
 |  [][][]  |  
 []

File: huawei_logo.pdf Graphic file (type pdf)
<use huawei_logo.pdf>
Package pdftex.def Info: huawei_logo.pdf  used on input line 600.
(pdftex.def)             Requested size: 10.39685pt x 10.40002pt.

Overfull \hbox (4.25006pt too wide) has occurred while \output is active
[][][][] 
 []

[14

]
Overfull \hbox (7.08344pt too wide) has occurred while \output is active
 |  [][][]  |  
 []

File: huawei_logo.pdf Graphic file (type pdf)
<use huawei_logo.pdf>
Package pdftex.def Info: huawei_logo.pdf  used on input line 615.
(pdftex.def)             Requested size: 10.39685pt x 10.40002pt.

Overfull \hbox (4.25006pt too wide) has occurred while \output is active
[][][][] 
 []

[15

]
File: huawei_logo.pdf Graphic file (type pdf)
<use huawei_logo.pdf>
Package pdftex.def Info: huawei_logo.pdf  used on input line 620.
(pdftex.def)             Requested size: 42.67912pt x 42.67642pt.
 [16

]
Overfull \hbox (7.08344pt too wide) has occurred while \output is active
 |  [][][]  |  
 []

File: huawei_logo.pdf Graphic file (type pdf)
<use huawei_logo.pdf>
Package pdftex.def Info: huawei_logo.pdf  used on input line 659.
(pdftex.def)             Requested size: 10.39685pt x 10.40002pt.

Overfull \hbox (4.25006pt too wide) has occurred while \output is active
[][][][] 
 []

[17

]
Overfull \hbox (7.08344pt too wide) has occurred while \output is active
 |  [][][]  |  
 []

File: huawei_logo.pdf Graphic file (type pdf)
<use huawei_logo.pdf>
Package pdftex.def Info: huawei_logo.pdf  used on input line 694.
(pdftex.def)             Requested size: 10.39685pt x 10.40002pt.

Overfull \hbox (4.25006pt too wide) has occurred while \output is active
[][][][] 
 []

[18

]

LaTeX Font Warning: Font shape `OT1/cmss/m/sc' in size <10> not available
(Font)              Font shape `OT1/cmr/m/sc' tried instead on input line 746.


LaTeX Font Warning: Font shape `OT1/cmss/m/sc' in size <10.95> not available
(Font)              Font shape `OT1/cmr/m/sc' tried instead on input line 746.


Overfull \hbox (7.08344pt too wide) has occurred while \output is active
 |  [][][]  |  
 []

File: huawei_logo.pdf Graphic file (type pdf)
<use huawei_logo.pdf>
Package pdftex.def Info: huawei_logo.pdf  used on input line 746.
(pdftex.def)             Requested size: 10.39685pt x 10.40002pt.

Overfull \hbox (4.25006pt too wide) has occurred while \output is active
[][][][] 
 []

[19

]
<best_so_far.pdf, id=153, 1047.915pt x 635.97598pt>
File: best_so_far.pdf Graphic file (type pdf)
<use best_so_far.pdf>
Package pdftex.def Info: best_so_far.pdf  used on input line 756.
(pdftex.def)             Requested size: 418.25673pt x 253.83275pt.

Overfull \hbox (19.91814pt too wide) in paragraph at lines 756--756
 [] 
 []


Overfull \vbox (37.49092pt too high) detected at line 756
 []


Overfull \hbox (7.08344pt too wide) has occurred while \output is active
 |  [][][]  |  
 []

File: huawei_logo.pdf Graphic file (type pdf)
<use huawei_logo.pdf>
Package pdftex.def Info: huawei_logo.pdf  used on input line 756.
(pdftex.def)             Requested size: 10.39685pt x 10.40002pt.

Overfull \hbox (4.25006pt too wide) has occurred while \output is active
[][][][] 
 []

[20

 </Users/mohammad/Downloads/runs/best_so_far.pdf>]
Overfull \hbox (7.08344pt too wide) has occurred while \output is active
 |  [][][]  |  
 []

File: huawei_logo.pdf Graphic file (type pdf)
<use huawei_logo.pdf>
Package pdftex.def Info: huawei_logo.pdf  used on input line 783.
(pdftex.def)             Requested size: 10.39685pt x 10.40002pt.

Overfull \hbox (4.25006pt too wide) has occurred while \output is active
[][][][] 
 []

[21

]
Overfull \hbox (2.32831pt too wide) in paragraph at lines 828--828
[]\OT1/cmss/m/n/8 Run| 
 []


Overfull \hbox (4.12631pt too wide) in paragraph at lines 828--828
[]\OT1/cmtt/m/n/8 979e6dc0| 
 []


LaTeX Font Warning: Font shape `OT1/cmss/m/sc' in size <8> not available
(Font)              Font shape `OT1/cmr/m/sc' tried instead on input line 828.


Underfull \hbox (badness 10000) in paragraph at lines 828--828
[]\OT1/cmss/m/n/8 14,336
 []


Overfull \hbox (4.12631pt too wide) in paragraph at lines 828--828
[]\OT1/cmtt/m/n/8 1644ca11| 
 []


Underfull \hbox (badness 10000) in paragraph at lines 828--828
[]\OT1/cmss/m/n/8 17,600
 []


Overfull \hbox (4.12631pt too wide) in paragraph at lines 828--828
[]\OT1/cmtt/m/n/8 d3b941ec| 
 []


Underfull \hbox (badness 10000) in paragraph at lines 828--828
[]\OT1/cmss/m/n/8 13,888
 []


Underfull \hbox (badness 5274) in paragraph at lines 828--828
[]\OT1/cmss/m/n/8 Clamp cir-cle po-si-tions to the unit square bounds: \OT1/cmt
t/m/n/8 x =
 []


Overfull \hbox (4.12631pt too wide) in paragraph at lines 828--828
[]\OT1/cmtt/m/n/8 3a29df87| 
 []


Overfull \hbox (7.08344pt too wide) has occurred while \output is active
 |  [][][]  |  
 []

File: huawei_logo.pdf Graphic file (type pdf)
<use huawei_logo.pdf>
Package pdftex.def Info: huawei_logo.pdf  used on input line 828.
(pdftex.def)             Requested size: 10.39685pt x 10.40002pt.

Overfull \hbox (4.25006pt too wide) has occurred while \output is active
[][][][] 
 []

[22

]
Overfull \hbox (7.08344pt too wide) has occurred while \output is active
 |  [][][]  |  
 []

File: huawei_logo.pdf Graphic file (type pdf)
<use huawei_logo.pdf>
Package pdftex.def Info: huawei_logo.pdf  used on input line 866.
(pdftex.def)             Requested size: 10.39685pt x 10.40002pt.

Overfull \hbox (4.25006pt too wide) has occurred while \output is active
[][][][] 
 []

[23

]
Overfull \hbox (7.08344pt too wide) has occurred while \output is active
 |  [][][]  |  
 []

File: huawei_logo.pdf Graphic file (type pdf)
<use huawei_logo.pdf>
Package pdftex.def Info: huawei_logo.pdf  used on input line 947.
(pdftex.def)             Requested size: 10.39685pt x 10.40002pt.

Overfull \hbox (4.25006pt too wide) has occurred while \output is active
[][][][] 
 []

[24

]
Overfull \hbox (9.47736pt too wide) in paragraph at lines 1043--1043
 [][] 
 []


Overfull \hbox (7.08344pt too wide) has occurred while \output is active
 |  [][][]  |  
 []

File: huawei_logo.pdf Graphic file (type pdf)
<use huawei_logo.pdf>
Package pdftex.def Info: huawei_logo.pdf  used on input line 1043.
(pdftex.def)             Requested size: 10.39685pt x 10.40002pt.

Overfull \hbox (4.25006pt too wide) has occurred while \output is active
[][][][] 
 []

[25

]
<feedback_vs_baseline.pdf, id=268, 1047.915pt x 578.16pt>
File: feedback_vs_baseline.pdf Graphic file (type pdf)
<use feedback_vs_baseline.pdf>
Package pdftex.def Info: feedback_vs_baseline.pdf  used on input line 1053.
(pdftex.def)             Requested size: 418.25673pt x 230.75705pt.

Overfull \hbox (19.91814pt too wide) in paragraph at lines 1053--1053
 [] 
 []


Overfull \vbox (14.41522pt too high) detected at line 1053
 []


Overfull \hbox (7.08344pt too wide) has occurred while \output is active
 |  [][][]  |  
 []

File: huawei_logo.pdf Graphic file (type pdf)
<use huawei_logo.pdf>
Package pdftex.def Info: huawei_logo.pdf  used on input line 1053.
(pdftex.def)             Requested size: 10.39685pt x 10.40002pt.

Overfull \hbox (4.25006pt too wide) has occurred while \output is active
[][][][] 
 []

[26

 </Users/mohammad/Downloads/runs/feedback_vs_baseline.pdf>]
<small_variants.pdf, id=357, 1047.915pt x 621.52202pt>
File: small_variants.pdf Graphic file (type pdf)
<use small_variants.pdf>
Package pdftex.def Info: small_variants.pdf  used on input line 1062.
(pdftex.def)             Requested size: 418.25673pt x 248.06383pt.

Overfull \hbox (19.91814pt too wide) in paragraph at lines 1062--1062
 [] 
 []


Overfull \vbox (20.77197pt too high) detected at line 1062
 []


Overfull \hbox (7.08344pt too wide) has occurred while \output is active
 |  [][][]  |  
 []

File: huawei_logo.pdf Graphic file (type pdf)
<use huawei_logo.pdf>
Package pdftex.def Info: huawei_logo.pdf  used on input line 1062.
(pdftex.def)             Requested size: 10.39685pt x 10.40002pt.

Overfull \hbox (4.25006pt too wide) has occurred while \output is active
[][][][] 
 []

[27

 </Users/mohammad/Downloads/runs/small_variants.pdf>]
File: huawei_logo.pdf Graphic file (type pdf)
<use huawei_logo.pdf>
Package pdftex.def Info: huawei_logo.pdf  used on input line 1068.
(pdftex.def)             Requested size: 42.67912pt x 42.67642pt.
 [28

]
Overfull \hbox (7.08344pt too wide) has occurred while \output is active
 |  [][][]  |  
 []

File: huawei_logo.pdf Graphic file (type pdf)
<use huawei_logo.pdf>
Package pdftex.def Info: huawei_logo.pdf  used on input line 1124.
(pdftex.def)             Requested size: 10.39685pt x 10.40002pt.

Overfull \hbox (4.25006pt too wide) has occurred while \output is active
[][][][] 
 []

[29

]
Overfull \hbox (7.08344pt too wide) has occurred while \output is active
 |  [][][]  |  
 []

File: huawei_logo.pdf Graphic file (type pdf)
<use huawei_logo.pdf>
Package pdftex.def Info: huawei_logo.pdf  used on input line 1200.
(pdftex.def)             Requested size: 10.39685pt x 10.40002pt.

Overfull \hbox (4.25006pt too wide) has occurred while \output is active
[][][][] 
 []

[30

]
Overfull \hbox (7.08344pt too wide) has occurred while \output is active
 |  [][][]  |  
 []

File: huawei_logo.pdf Graphic file (type pdf)
<use huawei_logo.pdf>
Package pdftex.def Info: huawei_logo.pdf  used on input line 1244.
(pdftex.def)             Requested size: 10.39685pt x 10.40002pt.

Overfull \hbox (4.25006pt too wide) has occurred while \output is active
[][][][] 
 []

[31

]
Overfull \hbox (7.08344pt too wide) has occurred while \output is active
 |  [][][]  |  
 []

File: huawei_logo.pdf Graphic file (type pdf)
<use huawei_logo.pdf>
Package pdftex.def Info: huawei_logo.pdf  used on input line 1282.
(pdftex.def)             Requested size: 10.39685pt x 10.40002pt.

Overfull \hbox (4.25006pt too wide) has occurred while \output is active
[][][][] 
 []

[32

]
Overfull \hbox (7.08344pt too wide) has occurred while \output is active
 |  [][][]  |  
 []

File: huawei_logo.pdf Graphic file (type pdf)
<use huawei_logo.pdf>
Package pdftex.def Info: huawei_logo.pdf  used on input line 1374.
(pdftex.def)             Requested size: 10.39685pt x 10.40002pt.

Overfull \hbox (4.25006pt too wide) has occurred while \output is active
[][][][] 
 []

[33

]
Overfull \hbox (7.08344pt too wide) has occurred while \output is active
 |  [][][]  |  
 []

File: huawei_logo.pdf Graphic file (type pdf)
<use huawei_logo.pdf>
Package pdftex.def Info: huawei_logo.pdf  used on input line 1455.
(pdftex.def)             Requested size: 10.39685pt x 10.40002pt.

Overfull \hbox (4.25006pt too wide) has occurred while \output is active
[][][][] 
 []

[34

]
LaTeX Font Info:    Font shape `OT1/cmss/b/n' in size <10> not available
(Font)              Font shape `OT1/cmss/bx/n' tried instead on input line 1508
.
LaTeX Font Info:    Font shape `OT1/cmss/b/n' in size <7> not available
(Font)              Font shape `OT1/cmss/bx/n' tried instead on input line 1508
.
LaTeX Font Info:    Font shape `OT1/cmss/b/n' in size <5> not available
(Font)              Font shape `OT1/cmss/bx/n' tried instead on input line 1508
.

Overfull \hbox (7.08344pt too wide) has occurred while \output is active
 |  [][][]  |  
 []

File: huawei_logo.pdf Graphic file (type pdf)
<use huawei_logo.pdf>
Package pdftex.def Info: huawei_logo.pdf  used on input line 1508.
(pdftex.def)             Requested size: 10.39685pt x 10.40002pt.

Overfull \hbox (4.25006pt too wide) has occurred while \output is active
[][][][] 
 []

[35

]
LaTeX Font Info:    Font shape `OT1/cmss/b/n' in size <10.95> not available
(Font)              Font shape `OT1/cmss/bx/n' tried instead on input line 1618
.
LaTeX Font Info:    Font shape `OT1/cmss/b/n' in size <8> not available
(Font)              Font shape `OT1/cmss/bx/n' tried instead on input line 1618
.
LaTeX Font Info:    Font shape `OT1/cmss/b/n' in size <6> not available
(Font)              Font shape `OT1/cmss/bx/n' tried instead on input line 1618
.

Overfull \hbox (7.08344pt too wide) has occurred while \output is active
 |  [][][]  |  
 []

File: huawei_logo.pdf Graphic file (type pdf)
<use huawei_logo.pdf>
Package pdftex.def Info: huawei_logo.pdf  used on input line 1618.
(pdftex.def)             Requested size: 10.39685pt x 10.40002pt.

Overfull \hbox (4.25006pt too wide) has occurred while \output is active
[][][][] 
 []

[36

]
Overfull \hbox (7.08344pt too wide) has occurred while \output is active
 |  [][][]  |  
 []

File: huawei_logo.pdf Graphic file (type pdf)
<use huawei_logo.pdf>
Package pdftex.def Info: huawei_logo.pdf  used on input line 1705.
(pdftex.def)             Requested size: 10.39685pt x 10.40002pt.

Overfull \hbox (4.25006pt too wide) has occurred while \output is active
[][][][] 
 []

[37

]
LaTeX Font Info:    Font shape `OT1/cmss/b/n' in size <9> not available
(Font)              Font shape `OT1/cmss/bx/n' tried instead on input line 1825
.

Overfull \hbox (7.08344pt too wide) has occurred while \output is active
 |  [][][]  |  
 []

File: huawei_logo.pdf Graphic file (type pdf)
<use huawei_logo.pdf>
Package pdftex.def Info: huawei_logo.pdf  used on input line 1825.
(pdftex.def)             Requested size: 10.39685pt x 10.40002pt.

Overfull \hbox (4.25006pt too wide) has occurred while \output is active
[][][][] 
 []

[38

]
Overfull \hbox (3.50114pt too wide) in paragraph at lines 1900--1900
 [][] 
 []


Overfull \hbox (7.08344pt too wide) has occurred while \output is active
 |  [][][]  |  
 []

File: huawei_logo.pdf Graphic file (type pdf)
<use huawei_logo.pdf>
Package pdftex.def Info: huawei_logo.pdf  used on input line 1900.
(pdftex.def)             Requested size: 10.39685pt x 10.40002pt.

Overfull \hbox (4.25006pt too wide) has occurred while \output is active
[][][][] 
 []

[39

]
Overfull \hbox (7.08344pt too wide) has occurred while \output is active
 |  [][][]  |  
 []

File: huawei_logo.pdf Graphic file (type pdf)
<use huawei_logo.pdf>
Package pdftex.def Info: huawei_logo.pdf  used on input line 1943.
(pdftex.def)             Requested size: 10.39685pt x 10.40002pt.

Overfull \hbox (4.25006pt too wide) has occurred while \output is active
[][][][] 
 []

[40

]
<runs/erdos_Qwen3-8B_0825-1906/search_tree.pdf, id=510, 967.35658pt x 529.19705
pt>
File: runs/erdos_Qwen3-8B_0825-1906/search_tree.pdf Graphic file (type pdf)
<use runs/erdos_Qwen3-8B_0825-1906/search_tree.pdf>
Package pdftex.def Info: runs/erdos_Qwen3-8B_0825-1906/search_tree.pdf  used on
 input line 1986.
(pdftex.def)             Requested size: 235.01831pt x 128.56833pt.


LaTeX Font Warning: Font shape `OT1/cmss/m/sc' in size <9> not available
(Font)              Font shape `OT1/cmr/m/sc' tried instead on input line 1986.



Overfull \hbox (7.08344pt too wide) has occurred while \output is active
 |  [][][]  |  
 []

File: huawei_logo.pdf Graphic file (type pdf)
<use huawei_logo.pdf>
Package pdftex.def Info: huawei_logo.pdf  used on input line 1986.
(pdftex.def)             Requested size: 10.39685pt x 10.40002pt.

Overfull \hbox (4.25006pt too wide) has occurred while \output is active
[][][][] 
 []

[41

 <./runs/erdos_Qwen3-8B_0825-1906/search_tree.pdf>]
\tf@nav=\write6
\openout6 = `report.nav'.

\tf@toc=\write7
\openout7 = `report.toc'.

\tf@snm=\write8
\openout8 = `report.snm'.

 (./report.aux)
Package rerunfilecheck Info: File `report.out' has not changed.
(rerunfilecheck)             Checksum: D41D8CD98F00B204E9800998ECF8427E;0.
 ) 
Here is how much of TeX's memory you used:
 26320 strings out of 476025
 529453 string characters out of 5790016
 1871388 words of memory out of 5000000
 46147 multiletter control sequences out of 15000+600000
 536091 words of font info for 116 fonts, out of 8000000 for 9000
 1141 hyphenation exceptions out of 8191
 128i,20n,122p,381b,1252s stack positions out of 10000i,1000n,20000p,200000b,200000s
</usr/local/texlive/2023/texmf-dist/fonts/type1/public/amsfonts/cm/cmcsc10.pf
b></usr/local/texlive/2023/texmf-dist/fonts/type1/public/amsfonts/cm/cmex10.pfb
></usr/local/texlive/2023/texmf-dist/fonts/type1/public/amsfonts/cmextra/cmex8.
pfb></usr/local/texlive/2023/texmf-dist/fonts/type1/public/amsfonts/cmextra/cme
x9.pfb></usr/local/texlive/2023/texmf-dist/fonts/type1/public/amsfonts/cm/cmmi1
0.pfb></usr/local/texlive/2023/texmf-dist/fonts/type1/public/amsfonts/cm/cmmi6.
pfb></usr/local/texlive/2023/texmf-dist/fonts/type1/public/amsfonts/cm/cmmi7.pf
b></usr/local/texlive/2023/texmf-dist/fonts/type1/public/amsfonts/cm/cmmi8.pfb>
</usr/local/texlive/2023/texmf-dist/fonts/type1/public/amsfonts/cm/cmmi9.pfb></
usr/local/texlive/2023/texmf-dist/fonts/type1/public/amsfonts/cm/cmr10.pfb></us
r/local/texlive/2023/texmf-dist/fonts/type1/public/amsfonts/cm/cmr6.pfb></usr/l
ocal/texlive/2023/texmf-dist/fonts/type1/public/amsfonts/cm/cmr8.pfb></usr/loca
l/texlive/2023/texmf-dist/fonts/type1/public/amsfonts/cm/cmr9.pfb></usr/local/t
exlive/2023/texmf-dist/fonts/type1/public/amsfonts/cm/cmss10.pfb></usr/local/te
xlive/2023/texmf-dist/fonts/type1/public/amsfonts/cm/cmss12.pfb></usr/local/tex
live/2023/texmf-dist/fonts/type1/public/amsfonts/cm/cmss17.pfb></usr/local/texl
ive/2023/texmf-dist/fonts/type1/public/amsfonts/cm/cmss8.pfb></usr/local/texliv
e/2023/texmf-dist/fonts/type1/public/amsfonts/cm/cmss9.pfb></usr/local/texlive/
2023/texmf-dist/fonts/type1/public/amsfonts/cm/cmssbx10.pfb></usr/local/texlive
/2023/texmf-dist/fonts/type1/public/amsfonts/cm/cmssi10.pfb></usr/local/texlive
/2023/texmf-dist/fonts/type1/public/amsfonts/cm/cmssi12.pfb></usr/local/texlive
/2023/texmf-dist/fonts/type1/public/amsfonts/cm/cmssi17.pfb></usr/local/texlive
/2023/texmf-dist/fonts/type1/public/amsfonts/cm/cmssi8.pfb></usr/local/texlive/
2023/texmf-dist/fonts/type1/public/amsfonts/cm/cmssi9.pfb></usr/local/texlive/2
023/texmf-dist/fonts/type1/public/amsfonts/cm/cmsy10.pfb></usr/local/texlive/20
23/texmf-dist/fonts/type1/public/amsfonts/cm/cmsy6.pfb></usr/local/texlive/2023
/texmf-dist/fonts/type1/public/amsfonts/cm/cmsy7.pfb></usr/local/texlive/2023/t
exmf-dist/fonts/type1/public/amsfonts/cm/cmsy8.pfb></usr/local/texlive/2023/tex
mf-dist/fonts/type1/public/amsfonts/cm/cmsy9.pfb></usr/local/texlive/2023/texmf
-dist/fonts/type1/public/amsfonts/cm/cmtt10.pfb></usr/local/texlive/2023/texmf-
dist/fonts/type1/public/amsfonts/cm/cmtt8.pfb></usr/local/texlive/2023/texmf-di
st/fonts/type1/public/amsfonts/symbols/msbm10.pfb>
Output written on report.pdf (41 pages, 3323381 bytes).
PDF statistics:
 753 PDF objects out of 1000 (max. 8388607)
 340 compressed objects within 4 object streams
 83 named destinations out of 1000 (max. 500000)
 113 words of extra memory for PDF output out of 10000 (max. 10000000)

